Archive member included because of file (symbol)

/usr/local/CrossPack-AVR-20131216/lib/gcc/avr/4.8.1/../../../../avr/lib/avr51/libc.a(exit.o)
                              /usr/local/CrossPack-AVR-20131216/lib/gcc/avr/4.8.1/../../../../avr/lib/avr51/crtm128rfa1.o (exit)
contiki-avr-zigduino.a(process.o)
                              obj_avr-zigduino/componentManager.o (process_current)
contiki-avr-zigduino.a(elfloader.o)
                              obj_avr-zigduino/codebaseDeploymentSM.o (elfloader_autostart_processes)
contiki-avr-zigduino.a(memb.o)
                              obj_avr-zigduino/eventBus.o (memb_init)
contiki-avr-zigduino.a(list.o)
                              obj_avr-zigduino/codebaseManager.o (list_init)
contiki-avr-zigduino.a(etimer.o)
                              obj_avr-zigduino/timer_utils.o (etimer_set)
contiki-avr-zigduino.a(ctimer.o)
                              obj_avr-zigduino/smartmesh.o (ctimer_set)
contiki-avr-zigduino.a(random.o)
                              obj_avr-zigduino/comp_services.o (random_rand)
contiki-avr-zigduino.a(dn_ipmt.o)
                              obj_avr-zigduino/smartmesh.o (dn_ipmt_init)
contiki-avr-zigduino.a(dn_endianness.o)
                              contiki-avr-zigduino.a(dn_ipmt.o) (dn_write_uint16_t)
contiki-avr-zigduino.a(rs232.o)
                              obj_avr-zigduino/smartmesh.o (rs232_init)
contiki-avr-zigduino.a(cfs-eeprom.o)
                              obj_avr-zigduino/codebaseDeploymentSM.o (cfs_open)
contiki-avr-zigduino.a(eeprom.o)
                              contiki-avr-zigduino.a(cfs-eeprom.o) (eeprom_write)
contiki-avr-zigduino.a(sensors.o)
                              obj_avr-zigduino/looci.o (sensors_process)
contiki-avr-zigduino.a(contiki-main.o)
                              /usr/local/CrossPack-AVR-20131216/lib/gcc/avr/4.8.1/../../../../avr/lib/avr51/crtm128rfa1.o (main)
contiki-avr-zigduino.a(params.o)
                              contiki-avr-zigduino.a(contiki-main.o) (params_get_channel)
contiki-avr-zigduino.a(button-sensor.o)
                              contiki-avr-zigduino.a(sensors.o) (sensors_flags)
contiki-avr-zigduino.a(clock.o)
                              contiki-avr-zigduino.a(contiki-main.o) (clock_init)
contiki-avr-zigduino.a(watchdog.o)
                              contiki-avr-zigduino.a(contiki-main.o) (watchdog_init)
contiki-avr-zigduino.a(elfloader-avr.o)
                              obj_avr-zigduino/utils.o (elfloader_in_memory)
contiki-avr-zigduino.a(symtab-avr.o)
                              contiki-avr-zigduino.a(elfloader.o) (symtab_lookup)
contiki-avr-zigduino.a(rf230bb.o)
                              contiki-avr-zigduino.a(contiki-main.o) (rf230_get_channel)
contiki-avr-zigduino.a(halbb.o)
                              contiki-avr-zigduino.a(rf230bb.o) (hal_init)
contiki-avr-zigduino.a(rimeaddr.o)
                              contiki-avr-zigduino.a(contiki-main.o) (rimeaddr_set_node_addr)
contiki-avr-zigduino.a(nullmac.o)
                              contiki-avr-zigduino.a(contiki-main.o) (nullmac_driver)
contiki-avr-zigduino.a(sicslowmac.o)
                              contiki-avr-zigduino.a(contiki-main.o) (sicslowmac_driver)
contiki-avr-zigduino.a(autostart.o)
                              contiki-avr-zigduino.a(contiki-main.o) (autostart_start)
contiki-avr-zigduino.a(serial-line.o)
                              contiki-avr-zigduino.a(contiki-main.o) (serial_line_input_byte)
contiki-avr-zigduino.a(timer.o)
                              contiki-avr-zigduino.a(etimer.o) (timer_set)
contiki-avr-zigduino.a(rtimer.o)
                              contiki-avr-zigduino.a(contiki-main.o) (rtimer_init)
contiki-avr-zigduino.a(ringbuf.o)
                              contiki-avr-zigduino.a(serial-line.o) (ringbuf_init)
contiki-avr-zigduino.a(packetbuf.o)
                              contiki-avr-zigduino.a(sicslowmac.o) (packetbuf_hdrreduce)
contiki-avr-zigduino.a(queuebuf.o)
                              contiki-avr-zigduino.a(contiki-main.o) (queuebuf_init)
contiki-avr-zigduino.a(sicslowpan.o)
                              contiki-avr-zigduino.a(contiki-main.o) (sicslowpan_driver)
contiki-avr-zigduino.a(tcpip.o)
                              contiki-avr-zigduino.a(sicslowpan.o) (tcpip_set_outputfunc)
contiki-avr-zigduino.a(uip-ds6-route.o)
                              contiki-avr-zigduino.a(tcpip.o) (uip_ds6_route_nexthop)
contiki-avr-zigduino.a(uip-ds6-nbr.o)
                              contiki-avr-zigduino.a(tcpip.o) (uip_ds6_nbr_add)
contiki-avr-zigduino.a(uip-ds6.o)
                              contiki-avr-zigduino.a(tcpip.o) (uip_ds6_is_addr_onlink)
contiki-avr-zigduino.a(uip-nd6.o)
                              contiki-avr-zigduino.a(tcpip.o) (uip_nd6_ns_output)
contiki-avr-zigduino.a(uip-packetqueue)
                              contiki-avr-zigduino.a(uip-ds6-nbr.o) (uip_packetqueue_new)
contiki-avr-zigduino.a(uip-split.o)
[...]
Memory Configuration

Name             Origin             Length             Attributes
text             0x00000000         0x00020000         xr
data             0x00800100         0x0000ff00         rw !x
eeprom           0x00810000         0x00010000         rw !x
fuse             0x00820000         0x00000400         rw !x
lock             0x00830000         0x00000400         rw !x
signature        0x00840000         0x00000400         rw !x
user_signatures  0x00850000         0x00000400         rw !x
*default*        0x00000000         0xffffffff

Linker script and memory map

Address of section .data set to 0x800200
LOAD /usr/local/CrossPack-AVR-20131216/lib/gcc/avr/4.8.1/../../../../avr/lib/avr51/crtm128rfa1.o
LOAD /usr/local/CrossPack-AVR-20131216/lib/gcc/avr/4.8.1/../../../../avr/lib/avr51/libc.a
LOAD /usr/local/CrossPack-AVR-20131216/lib/gcc/avr/4.8.1/../../../../avr/lib/avr51/libm.a
Address of section .bootloader set to 0x1f800
LOAD loociCore.co
LOAD obj_avr-zigduino/tempSensor.o
LOAD obj_avr-zigduino/image-init.o
LOAD obj_avr-zigduino/codebaseDeploymentSM.o
LOAD obj_avr-zigduino/debug.o
LOAD obj_avr-zigduino/looci.o
LOAD obj_avr-zigduino/codebaseManager.o
LOAD obj_avr-zigduino/componentManager.o
LOAD obj_avr-zigduino/comp_services.o
LOAD obj_avr-zigduino/event.o
LOAD obj_avr-zigduino/eventBus.o
LOAD obj_avr-zigduino/triggermodule.o
LOAD obj_avr-zigduino/interceptor.o
LOAD obj_avr-zigduino/vector.o
LOAD obj_avr-zigduino/mmem.o
LOAD obj_avr-zigduino/utils.o
LOAD obj_avr-zigduino/hexCoding.o
LOAD obj_avr-zigduino/timer_utils.o
LOAD obj_avr-zigduino/keyList.o
LOAD obj_avr-zigduino/networking.o
LOAD obj_avr-zigduino/peers.o
LOAD obj_avr-zigduino/smartmesh.o
LOAD obj_avr-zigduino/runtime_control_local.o
LOAD obj_avr-zigduino/introspection_local.o
LOAD obj_avr-zigduino/reconfigurationEngine.o
LOAD contiki-avr-zigduino.a
LOAD /var/folders/kw/xp_j5cy50g5fm6r3w446d9rm0000gn/T//cckXVcIg.o
LOAD /usr/local/CrossPack-AVR-20131216/lib/gcc/avr/4.8.1/../../../../avr/lib/avr51/libc.a
START GROUP
LOAD /usr/local/CrossPack-AVR-20131216/lib/gcc/avr/4.8.1/avr51/libgcc.a
LOAD /usr/local/CrossPack-AVR-20131216/lib/gcc/avr/4.8.1/../../../../avr/lib/avr51/libm.a
LOAD /usr/local/CrossPack-AVR-20131216/lib/gcc/avr/4.8.1/../../../../avr/lib/avr51/libc.a
END GROUP

.hash
 *(.hash)

.dynsym
 *(.dynsym)

.dynstr
 *(.dynstr)

.gnu.version
 *(.gnu.version)

.gnu.version_d
 *(.gnu.version_d)

.gnu.version_r
 *(.gnu.version_r)

.rel.init
 *(.rel.init)

.rela.init
 *(.rela.init)

.rel.text
 *(.rel.text)
 *(.rel.text.*)
 *(.rel.gnu.linkonce.t*)

.rela.text
 *(.rela.text)
 *(.rela.text.*)
 *(.rela.gnu.linkonce.t*)

.rel.fini
 *(.rel.fini)

.rela.fini
 *(.rela.fini)

.rel.rodata
 *(.rel.rodata)
 *(.rel.rodata.*)
 *(.rel.gnu.linkonce.r*)

.rela.rodata
 *(.rela.rodata)
 *(.rela.rodata.*)
 *(.rela.gnu.linkonce.r*)

.rel.data
 *(.rel.data)
 *(.rel.data.*)
 *(.rel.gnu.linkonce.d*)

.rela.data
 *(.rela.data)
 *(.rela.data.*)
 *(.rela.gnu.linkonce.d*)

.rel.ctors
 *(.rel.ctors)

.rela.ctors
 *(.rela.ctors)

.rel.dtors
 *(.rel.dtors)

.rela.dtors
 *(.rela.dtors)

.rel.got
 *(.rel.got)

.rela.got
 *(.rela.got)

.rel.bss
 *(.rel.bss)

.rela.bss
 *(.rela.bss)

.rel.plt
 *(.rel.plt)

.rela.plt
 *(.rela.plt)

.text           0x00000000     0xebb4
 *(.vectors)
 .vectors       0x00000000      0x120 /usr/local/CrossPack-AVR-20131216/lib/gcc/avr/4.8.1/../../../../avr/lib/avr51/crtm128rfa1.o
                0x00000000                __vectors
                0x00000000                __vector_default
 *(.vectors)
 *(.progmem.gcc*)
 .progmem.gcc_sw_table.process_thread_looci_smartmeship
                0x00000120       0x26 obj_avr-zigduino/smartmesh.o
 .progmem.gcc_sw_table.elfloader_arch_relocate
                0x00000146       0x22 contiki-avr-zigduino.a(elfloader-avr.o)
 .progmem.gcc_sw_table.uip_process
                0x00000168       0x10 contiki-avr-zigduino.a(uip6.o)
                0x00000178                . = ALIGN (0x2)
                0x00000178                __trampolines_start = .
 *(.trampolines)
 .trampolines   0x00000178        0x0 linker stubs
 *(.trampolines*)
                0x00000178                __trampolines_end = .
 *(.progmem*)
 .progmem.data.__c.6082
                0x00000178       0x1d loociCore.co
 .progmem.data.__c.6079
                0x00000195       0x18 loociCore.co
 .progmem.data.__c.6077
                0x000001ad       0x13 loociCore.co
 .progmem.data.__c.5548
                0x000001c0        0x9 obj_avr-zigduino/tempSensor.o
 .progmem.data.__c.5555
                0x000001c9       0x1a obj_avr-zigduino/tempSensor.o
 .progmem.data.methods
                0x000001e3        0xc obj_avr-zigduino/tempSensor.o
 .progmem.data.temp_sample_name
                0x000001ef        0xc obj_avr-zigduino/tempSensor.o
 .progmem.data.initVar
                0x000001fb        0xb obj_avr-zigduino/tempSensor.o
 .progmem.data.temp_sample_receptacles
                0x00000206        0x2 obj_avr-zigduino/tempSensor.o
 .progmem.data.temp_sample_interfaces
                0x00000208        0x4 obj_avr-zigduino/tempSensor.o
 .progmem.data.temp_sample_properties
                0x0000020c        0x7 obj_avr-zigduino/tempSensor.o
 .progmem.data.__c.6259
                0x00000213       0x34 obj_avr-zigduino/codebaseDeploymentSM.o
 .progmem.data.__c.6257
                0x00000247       0x22 obj_avr-zigduino/codebaseDeploymentSM.o
 .progmem.data.__c.6252
                0x00000269        0x4 obj_avr-zigduino/codebaseDeploymentSM.o
 .progmem.data.__c.6250
                0x0000026d       0x14 obj_avr-zigduino/codebaseDeploymentSM.o
 .progmem.data.__c.6183
                0x00000281       0x2c obj_avr-zigduino/codebaseDeploymentSM.o
 .progmem.data.__c.6181
                0x000002ad       0x2b obj_avr-zigduino/codebaseDeploymentSM.o
 .progmem.data.__c.6179
                0x000002d8       0x24 obj_avr-zigduino/codebaseDeploymentSM.o
 .progmem.data.__c.6177
                0x000002fc        0xd obj_avr-zigduino/codebaseDeploymentSM.o
 .progmem.data.__c.6175
                0x00000309       0x2b obj_avr-zigduino/codebaseDeploymentSM.o
 .progmem.data.__c.6173
                0x00000334       0x1c obj_avr-zigduino/codebaseDeploymentSM.o
 .progmem.data.__c.6171
                0x00000350       0x16 obj_avr-zigduino/codebaseDeploymentSM.o
 .progmem.data.__c.6169
                0x00000366       0x10 obj_avr-zigduino/codebaseDeploymentSM.o
 .progmem.data.__c.6167
                0x00000376       0x2e obj_avr-zigduino/codebaseDeploymentSM.o
 .progmem.data.__c.6279
                0x000003a4       0x15 obj_avr-zigduino/codebaseDeploymentSM.o
 .progmem.data.__c.6277
                0x000003b9       0x29 obj_avr-zigduino/codebaseDeploymentSM.o
 .progmem.data.__c.6275
                0x000003e2       0x17 obj_avr-zigduino/codebaseDeploymentSM.o
 .progmem.data.__c.6273
                0x000003f9       0x1f obj_avr-zigduino/codebaseDeploymentSM.o
 .progmem.data.__c.6270
                0x00000418       0x1b obj_avr-zigduino/codebaseDeploymentSM.o
 .progmem.data.__c.2876
                0x00000433        0x2 obj_avr-zigduino/debug.o
 .progmem.data.__c.2871
                0x00000435        0x6 obj_avr-zigduino/debug.o
 .progmem.data.__c.2851
                0x0000043b        0x2 obj_avr-zigduino/debug.o
 .progmem.data.__c.2846
                0x0000043d        0x4 obj_avr-zigduino/debug.o
 .progmem.data.hextable_p
                0x00000441       0x10 obj_avr-zigduino/hexCoding.o
 .progmem.data.lc_rc_manager
                0x00000451       0x1c obj_avr-zigduino/runtime_control_local.o
                0x00000451                lc_rc_manager
 .progmem.data.lc_is_manager
                0x0000046d       0x22 obj_avr-zigduino/introspection_local.o
                0x0000046d                lc_is_manager
 .progmem.data.methods
                0x0000048f        0x8 obj_avr-zigduino/reconfigurationEngine.o
 .progmem.data.commandIntrospectionList
                0x00000497       0x33 obj_avr-zigduino/reconfigurationEngine.o
 .progmem.data.commandReconfigList
                0x000004ca       0x2a obj_avr-zigduino/reconfigurationEngine.o
 .progmem.data.reconfig_name
                0x000004f4        0xc obj_avr-zigduino/reconfigurationEngine.o
 .progmem.data.reconfig_properties
                0x00000500        0x0 obj_avr-zigduino/reconfigurationEngine.o
 .progmem.data.reconfig_receptacles
                0x00000500        0x4 obj_avr-zigduino/reconfigurationEngine.o
 .progmem.data.reconfig_interfaces
                0x00000504        0x4 obj_avr-zigduino/reconfigurationEngine.o
 .progmem.data.__c.5439
                0x00000508        0x8 contiki-avr-zigduino.a(contiki-main.o)
 .progmem.data.__c.5437
                0x00000510       0x32 contiki-avr-zigduino.a(contiki-main.o)
 .progmem.data.__c.5435
                0x00000542       0x14 contiki-avr-zigduino.a(contiki-main.o)
 .progmem.data.__c.5433
                0x00000556       0x25 contiki-avr-zigduino.a(contiki-main.o)
 .progmem.data.__c.5431
                0x0000057b       0x20 contiki-avr-zigduino.a(contiki-main.o)
 .progmem.data.__c.5428
                0x0000059b       0x1b contiki-avr-zigduino.a(contiki-main.o)
 .progmem.data.__c.5426
                0x000005b6        0xd contiki-avr-zigduino.a(contiki-main.o)
 .progmem.data.__c.5424
                0x000005c3       0x11 contiki-avr-zigduino.a(contiki-main.o)
 .progmem.data.__c.5422
                0x000005d4       0x11 contiki-avr-zigduino.a(contiki-main.o)
 .progmem.data.__c.5420
                0x000005e5       0x11 contiki-avr-zigduino.a(contiki-main.o)
 .progmem.data.__c.5418
                0x000005f6       0x11 contiki-avr-zigduino.a(contiki-main.o)
 .progmem.data.__c.5416
                0x00000607       0x1c contiki-avr-zigduino.a(contiki-main.o)
 .progmem.data.__c.5083
                0x00000623       0x2d contiki-avr-zigduino.a(params.o)
 .progmem.data.default_domain_name
                0x00000650        0xa contiki-avr-zigduino.a(params.o)
                0x00000650                default_domain_name
 .progmem.data.default_server_name
                0x0000065a        0xe contiki-avr-zigduino.a(params.o)
                0x0000065a                default_server_name
 .progmem.data.default_mac_address
                0x00000668        0x8 contiki-avr-zigduino.a(params.o)
                0x00000668                default_mac_address
 .progmem.data.symbols
                0x00000670      0x360 /var/folders/kw/xp_j5cy50g5fm6r3w446d9rm0000gn/T//cckXVcIg.o
                0x00000670                symbols
 .progmem.data.s_xEnc
                0x000009d0        0x5 /var/folders/kw/xp_j5cy50g5fm6r3w446d9rm0000gn/T//cckXVcIg.o
 .progmem.data.s_vprintf
                0x000009d5        0x8 /var/folders/kw/xp_j5cy50g5fm6r3w446d9rm0000gn/T//cckXVcIg.o
 .progmem.data.s_temp_sample_Lc
                0x000009dd        0xf /var/folders/kw/xp_j5cy50g5fm6r3w446d9rm0000gn/T//cckXVcIg.o
 .progmem.data.s_strnlen_P
                0x000009ec        0xa /var/folders/kw/xp_j5cy50g5fm6r3w446d9rm0000gn/T//cckXVcIg.o
 .progmem.data.s_strnlen
                0x000009f6        0x8 /var/folders/kw/xp_j5cy50g5fm6r3w446d9rm0000gn/T//cckXVcIg.o
 .progmem.data.s_strncmp
                0x000009fe        0x8 /var/folders/kw/xp_j5cy50g5fm6r3w446d9rm0000gn/T//cckXVcIg.o
 .progmem.data.s_strcpy_F
                0x00000a06        0x9 /var/folders/kw/xp_j5cy50g5fm6r3w446d9rm0000gn/T//cckXVcIg.o
 .progmem.data.s_strcmp_P
                0x00000a0f        0x9 /var/folders/kw/xp_j5cy50g5fm6r3w446d9rm0000gn/T//cckXVcIg.o
 .progmem.data.s_strcmp_F
                0x00000a18        0x9 /var/folders/kw/xp_j5cy50g5fm6r3w446d9rm0000gn/T//cckXVcIg.o
 .progmem.data.s_strcmp
                0x00000a21        0x7 /var/folders/kw/xp_j5cy50g5fm6r3w446d9rm0000gn/T//cckXVcIg.o
 .progmem.data.s_strLen_F
                0x00000a28        0x9 /var/folders/kw/xp_j5cy50g5fm6r3w446d9rm0000gn/T//cckXVcIg.o
 .progmem.data.s_smreceive
                0x00000a31        0xa /var/folders/kw/xp_j5cy50g5fm6r3w446d9rm0000gn/T//cckXVcIg.o
 .progmem.data.s_sleepseconds
                0x00000a3b        0xd /var/folders/kw/xp_j5cy50g5fm6r3w446d9rm0000gn/T//cckXVcIg.o
 .progmem.data.s_size
                0x00000a48        0x5 /var/folders/kw/xp_j5cy50g5fm6r3w446d9rm0000gn/T//cckXVcIg.o
 .progmem.data.s_shortcmp_F
                0x00000a4d        0xb /var/folders/kw/xp_j5cy50g5fm6r3w446d9rm0000gn/T//cckXVcIg.o
 .progmem.data.s_shortLen_F
                0x00000a58        0xb /var/folders/kw/xp_j5cy50g5fm6r3w446d9rm0000gn/T//cckXVcIg.o
 .progmem.data.s_serial_line_process
                0x00000a63       0x14 /var/folders/kw/xp_j5cy50g5fm6r3w446d9rm0000gn/T//cckXVcIg.o
 .progmem.data.s_serial_line_input_byte
                0x00000a77       0x17 /var/folders/kw/xp_j5cy50g5fm6r3w446d9rm0000gn/T//cckXVcIg.o
 .progmem.data.s_serial_line_event_message
                0x00000a8e       0x1a /var/folders/kw/xp_j5cy50g5fm6r3w446d9rm0000gn/T//cckXVcIg.o
 .progmem.data.s_sensors_process
                0x00000aa8       0x10 /var/folders/kw/xp_j5cy50g5fm6r3w446d9rm0000gn/T//cckXVcIg.o
 .progmem.data.s_sensors_flags
                0x00000ab8        0xe /var/folders/kw/xp_j5cy50g5fm6r3w446d9rm0000gn/T//cckXVcIg.o
 .progmem.data.s_sensors
                0x00000ac6        0x8 /var/folders/kw/xp_j5cy50g5fm6r3w446d9rm0000gn/T//cckXVcIg.o
 .progmem.data.s_seconds
                0x00000ace        0x8 /var/folders/kw/xp_j5cy50g5fm6r3w446d9rm0000gn/T//cckXVcIg.o
 .progmem.data.s_rxpayload
                0x00000ad6        0xa /var/folders/kw/xp_j5cy50g5fm6r3w446d9rm0000gn/T//cckXVcIg.o
 .progmem.data.s_rng_get_uint8
                0x00000ae0        0xe /var/folders/kw/xp_j5cy50g5fm6r3w446d9rm0000gn/T//cckXVcIg.o
 .progmem.data.s_rng
                0x00000aee        0x4 /var/folders/kw/xp_j5cy50g5fm6r3w446d9rm0000gn/T//cckXVcIg.o
 .progmem.data.s_ringbuf_put
                0x00000af2        0xc /var/folders/kw/xp_j5cy50g5fm6r3w446d9rm0000gn/T//cckXVcIg.o
 .progmem.data.s_ringbuf_get
                0x00000afe        0xc /var/folders/kw/xp_j5cy50g5fm6r3w446d9rm0000gn/T//cckXVcIg.o
 .progmem.data.s_replyCbmt
                0x00000b0a        0xa /var/folders/kw/xp_j5cy50g5fm6r3w446d9rm0000gn/T//cckXVcIg.o
 .progmem.data.s_reconfig_Lc
                0x00000b14        0xc /var/folders/kw/xp_j5cy50g5fm6r3w446d9rm0000gn/T//cckXVcIg.o
 .progmem.data.s_readdata
                0x00000b20        0x9 /var/folders/kw/xp_j5cy50g5fm6r3w446d9rm0000gn/T//cckXVcIg.o
 .progmem.data.s_rand_r
                0x00000b29        0x7 /var/folders/kw/xp_j5cy50g5fm6r3w446d9rm0000gn/T//cckXVcIg.o
 .progmem.data.s_rand
                0x00000b30        0x5 /var/folders/kw/xp_j5cy50g5fm6r3w446d9rm0000gn/T//cckXVcIg.o
 .progmem.data.s_puts
                0x00000b35        0x5 /var/folders/kw/xp_j5cy50g5fm6r3w446d9rm0000gn/T//cckXVcIg.o
 .progmem.data.s_printf_P
                0x00000b3a        0x9 /var/folders/kw/xp_j5cy50g5fm6r3w446d9rm0000gn/T//cckXVcIg.o
 .progmem.data.s_printf
                0x00000b43        0x7 /var/folders/kw/xp_j5cy50g5fm6r3w446d9rm0000gn/T//cckXVcIg.o
 .progmem.data.s_printComponents
                0x00000b4a       0x10 /var/folders/kw/xp_j5cy50g5fm6r3w446d9rm0000gn/T//cckXVcIg.o
 .progmem.data.s_notifCbmt
                0x00000b5a        0xa /var/folders/kw/xp_j5cy50g5fm6r3w446d9rm0000gn/T//cckXVcIg.o
 .progmem.data.s_nbr_table_remove
                0x00000b64       0x11 /var/folders/kw/xp_j5cy50g5fm6r3w446d9rm0000gn/T//cckXVcIg.o
 .progmem.data.s_nbr_table_register
                0x00000b75       0x13 /var/folders/kw/xp_j5cy50g5fm6r3w446d9rm0000gn/T//cckXVcIg.o
 .progmem.data.s_nbr_table_next
                0x00000b88        0xf /var/folders/kw/xp_j5cy50g5fm6r3w446d9rm0000gn/T//cckXVcIg.o
 .progmem.data.s_nbr_table_head
                0x00000b97        0xf /var/folders/kw/xp_j5cy50g5fm6r3w446d9rm0000gn/T//cckXVcIg.o
 .progmem.data.s_nbr_table_get_lladdr
                0x00000ba6       0x15 /var/folders/kw/xp_j5cy50g5fm6r3w446d9rm0000gn/T//cckXVcIg.o
 .progmem.data.s_nbr_table_get_from_lladdr
                0x00000bbb       0x1a /var/folders/kw/xp_j5cy50g5fm6r3w446d9rm0000gn/T//cckXVcIg.o
 .progmem.data.s_nbr_table_add_lladdr
                0x00000bd5       0x15 /var/folders/kw/xp_j5cy50g5fm6r3w446d9rm0000gn/T//cckXVcIg.o
 .progmem.data.s_moteinit
                0x00000bea        0x9 /var/folders/kw/xp_j5cy50g5fm6r3w446d9rm0000gn/T//cckXVcIg.o
 .progmem.data.s_memset
                0x00000bf3        0x7 /var/folders/kw/xp_j5cy50g5fm6r3w446d9rm0000gn/T//cckXVcIg.o
 .progmem.data.s_memmove
                0x00000bfa        0x8 /var/folders/kw/xp_j5cy50g5fm6r3w446d9rm0000gn/T//cckXVcIg.o
 .progmem.data.s_memcpy_P
                0x00000c02        0x9 /var/folders/kw/xp_j5cy50g5fm6r3w446d9rm0000gn/T//cckXVcIg.o
 .progmem.data.s_memcpy_F
                0x00000c0b        0x9 /var/folders/kw/xp_j5cy50g5fm6r3w446d9rm0000gn/T//cckXVcIg.o
 .progmem.data.s_memcpy
                0x00000c14        0x7 /var/folders/kw/xp_j5cy50g5fm6r3w446d9rm0000gn/T//cckXVcIg.o
 .progmem.data.s_memcmp
                0x00000c1b        0x7 /var/folders/kw/xp_j5cy50g5fm6r3w446d9rm0000gn/T//cckXVcIg.o
 .progmem.data.s_ledtimer
                0x00000c22        0x9 /var/folders/kw/xp_j5cy50g5fm6r3w446d9rm0000gn/T//cckXVcIg.o
 .progmem.data.s_ldbuf
                0x00000c2b        0x6 /var/folders/kw/xp_j5cy50g5fm6r3w446d9rm0000gn/T//cckXVcIg.o
 .progmem.data.s_lcpEvPub
                0x00000c31        0x9 /var/folders/kw/xp_j5cy50g5fm6r3w446d9rm0000gn/T//cckXVcIg.o
 .progmem.data.s_lcLL
                0x00000c3a        0x5 /var/folders/kw/xp_j5cy50g5fm6r3w446d9rm0000gn/T//cckXVcIg.o
 .progmem.data.s_htonsa
                0x00000c3f        0x7 /var/folders/kw/xp_j5cy50g5fm6r3w446d9rm0000gn/T//cckXVcIg.o
 .progmem.data.s_getFP
                0x00000c46        0x6 /var/folders/kw/xp_j5cy50g5fm6r3w446d9rm0000gn/T//cckXVcIg.o
 .progmem.data.s_framer_802154
                0x00000c4c        0xe /var/folders/kw/xp_j5cy50g5fm6r3w446d9rm0000gn/T//cckXVcIg.o
 .progmem.data.s_fptr
                0x00000c5a        0x5 /var/folders/kw/xp_j5cy50g5fm6r3w446d9rm0000gn/T//cckXVcIg.o
 .progmem.data.s_evpTM
                0x00000c5f        0x6 /var/folders/kw/xp_j5cy50g5fm6r3w446d9rm0000gn/T//cckXVcIg.o
 .progmem.data.s_evpNM
                0x00000c65        0x6 /var/folders/kw/xp_j5cy50g5fm6r3w446d9rm0000gn/T//cckXVcIg.o
 .progmem.data.s_evpCM
                0x00000c6b        0x6 /var/folders/kw/xp_j5cy50g5fm6r3w446d9rm0000gn/T//cckXVcIg.o
 .progmem.data.s_error_check
                0x00000c71        0xc /var/folders/kw/xp_j5cy50g5fm6r3w446d9rm0000gn/T//cckXVcIg.o
 .progmem.data.s_ds6_neighbors
                0x00000c7d        0xe /var/folders/kw/xp_j5cy50g5fm6r3w446d9rm0000gn/T//cckXVcIg.o
 .progmem.data.s_doImageInit
                0x00000c8b        0xc /var/folders/kw/xp_j5cy50g5fm6r3w446d9rm0000gn/T//cckXVcIg.o
 .progmem.data.s_dn_write_uint32_t
                0x00000c97       0x12 /var/folders/kw/xp_j5cy50g5fm6r3w446d9rm0000gn/T//cckXVcIg.o
 .progmem.data.s_dn_write_uint16_t
                0x00000ca9       0x12 /var/folders/kw/xp_j5cy50g5fm6r3w446d9rm0000gn/T//cckXVcIg.o
 .progmem.data.s_dn_uart_txByte
                0x00000cbb        0xf /var/folders/kw/xp_j5cy50g5fm6r3w446d9rm0000gn/T//cckXVcIg.o
 .progmem.data.s_dn_uart_init
                0x00000cca        0xd /var/folders/kw/xp_j5cy50g5fm6r3w446d9rm0000gn/T//cckXVcIg.o
 .progmem.data.s_dn_serial_sendReply
                0x00000cd7       0x14 /var/folders/kw/xp_j5cy50g5fm6r3w446d9rm0000gn/T//cckXVcIg.o
 .progmem.data.s_dn_serial_mt_vars
                0x00000ceb       0x12 /var/folders/kw/xp_j5cy50g5fm6r3w446d9rm0000gn/T//cckXVcIg.o
 .progmem.data.s_dn_serial_mt_sendRequest
                0x00000cfd       0x19 /var/folders/kw/xp_j5cy50g5fm6r3w446d9rm0000gn/T//cckXVcIg.o
 .progmem.data.s_dn_serial_mt_rxHdlcFrame
                0x00000d16       0x19 /var/folders/kw/xp_j5cy50g5fm6r3w446d9rm0000gn/T//cckXVcIg.o
 .progmem.data.s_dn_serial_mt_init
                0x00000d2f       0x12 /var/folders/kw/xp_j5cy50g5fm6r3w446d9rm0000gn/T//cckXVcIg.o
 .progmem.data.s_dn_serial_mt_dispatch_response
                0x00000d41       0x1f /var/folders/kw/xp_j5cy50g5fm6r3w446d9rm0000gn/T//cckXVcIg.o
 .progmem.data.s_dn_read_uint32_t
                0x00000d60       0x11 /var/folders/kw/xp_j5cy50g5fm6r3w446d9rm0000gn/T//cckXVcIg.o
 .progmem.data.s_dn_read_uint16_t
                0x00000d71       0x11 /var/folders/kw/xp_j5cy50g5fm6r3w446d9rm0000gn/T//cckXVcIg.o
 .progmem.data.s_dn_ipmt_vars
                0x00000d82        0xd /var/folders/kw/xp_j5cy50g5fm6r3w446d9rm0000gn/T//cckXVcIg.o
 .progmem.data.s_dn_ipmt_sendTo_reply
                0x00000d8f       0x15 /var/folders/kw/xp_j5cy50g5fm6r3w446d9rm0000gn/T//cckXVcIg.o
 .progmem.data.s_dn_ipmt_sendTo
                0x00000da4        0xf /var/folders/kw/xp_j5cy50g5fm6r3w446d9rm0000gn/T//cckXVcIg.o
 .progmem.data.s_dn_ipmt_rxSerialRequest
                0x00000db3       0x18 /var/folders/kw/xp_j5cy50g5fm6r3w446d9rm0000gn/T//cckXVcIg.o
 .progmem.data.s_dn_ipmt_requestService_reply
                0x00000dcb       0x1d /var/folders/kw/xp_j5cy50g5fm6r3w446d9rm0000gn/T//cckXVcIg.o
 .progmem.data.s_dn_ipmt_requestService
                0x00000de8       0x17 /var/folders/kw/xp_j5cy50g5fm6r3w446d9rm0000gn/T//cckXVcIg.o
 .progmem.data.s_dn_ipmt_receive_notif
                0x00000dff       0x16 /var/folders/kw/xp_j5cy50g5fm6r3w446d9rm0000gn/T//cckXVcIg.o
 .progmem.data.s_dn_ipmt_openSocket_reply
                0x00000e15       0x19 /var/folders/kw/xp_j5cy50g5fm6r3w446d9rm0000gn/T//cckXVcIg.o
 .progmem.data.s_dn_ipmt_openSocket
                0x00000e2e       0x13 /var/folders/kw/xp_j5cy50g5fm6r3w446d9rm0000gn/T//cckXVcIg.o
 .progmem.data.s_dn_ipmt_join_reply
                0x00000e41       0x13 /var/folders/kw/xp_j5cy50g5fm6r3w446d9rm0000gn/T//cckXVcIg.o
 .progmem.data.s_dn_ipmt_join
                0x00000e54        0xd /var/folders/kw/xp_j5cy50g5fm6r3w446d9rm0000gn/T//cckXVcIg.o
 .progmem.data.s_dn_ipmt_init
                0x00000e61        0xd /var/folders/kw/xp_j5cy50g5fm6r3w446d9rm0000gn/T//cckXVcIg.o
 .progmem.data.s_dn_ipmt_getServiceInfo_reply
                0x00000e6e       0x1d /var/folders/kw/xp_j5cy50g5fm6r3w446d9rm0000gn/T//cckXVcIg.o
 .progmem.data.s_dn_ipmt_getServiceInfo
                0x00000e8b       0x17 /var/folders/kw/xp_j5cy50g5fm6r3w446d9rm0000gn/T//cckXVcIg.o
 .progmem.data.s_dn_ipmt_getParameter_moteStatus_reply
                0x00000ea2       0x26 /var/folders/kw/xp_j5cy50g5fm6r3w446d9rm0000gn/T//cckXVcIg.o
 .progmem.data.s_dn_ipmt_getParameter_moteStatus
                0x00000ec8       0x20 /var/folders/kw/xp_j5cy50g5fm6r3w446d9rm0000gn/T//cckXVcIg.o
 .progmem.data.s_dn_ipmt_getParameter_ipv6Address_reply
                0x00000ee8       0x27 /var/folders/kw/xp_j5cy50g5fm6r3w446d9rm0000gn/T//cckXVcIg.o
 .progmem.data.s_dn_ipmt_getParameter_ipv6Address
                0x00000f0f       0x21 /var/folders/kw/xp_j5cy50g5fm6r3w446d9rm0000gn/T//cckXVcIg.o
 .progmem.data.s_dn_ipmt_closeSocket_reply
                0x00000f30       0x1a /var/folders/kw/xp_j5cy50g5fm6r3w446d9rm0000gn/T//cckXVcIg.o
 .progmem.data.s_dn_ipmt_closeSocket
                0x00000f4a       0x14 /var/folders/kw/xp_j5cy50g5fm6r3w446d9rm0000gn/T//cckXVcIg.o
 .progmem.data.s_dn_ipmt_cancelTx
                0x00000f5e       0x11 /var/folders/kw/xp_j5cy50g5fm6r3w446d9rm0000gn/T//cckXVcIg.o
 .progmem.data.s_dn_ipmt_bindSocket_reply
                0x00000f6f       0x19 /var/folders/kw/xp_j5cy50g5fm6r3w446d9rm0000gn/T//cckXVcIg.o
 .progmem.data.s_dn_ipmt_bindSocket
                0x00000f88       0x13 /var/folders/kw/xp_j5cy50g5fm6r3w446d9rm0000gn/T//cckXVcIg.o
 .progmem.data.s_deployReply
                0x00000f9b        0xc /var/folders/kw/xp_j5cy50g5fm6r3w446d9rm0000gn/T//cckXVcIg.o
 .progmem.data.s_config_timeout
                0x00000fa7        0xf /var/folders/kw/xp_j5cy50g5fm6r3w446d9rm0000gn/T//cckXVcIg.o
 .progmem.data.s_clock_time
                0x00000fb6        0xb /var/folders/kw/xp_j5cy50g5fm6r3w446d9rm0000gn/T//cckXVcIg.o
 .progmem.data.s_clock_seconds
                0x00000fc1        0xe /var/folders/kw/xp_j5cy50g5fm6r3w446d9rm0000gn/T//cckXVcIg.o
 .progmem.data.s_clock_init
                0x00000fcf        0xb /var/folders/kw/xp_j5cy50g5fm6r3w446d9rm0000gn/T//cckXVcIg.o
 .progmem.data.s_clock_delay_msec
                0x00000fda       0x11 /var/folders/kw/xp_j5cy50g5fm6r3w446d9rm0000gn/T//cckXVcIg.o
 .progmem.data.s_chunk
                0x00000feb        0x6 /var/folders/kw/xp_j5cy50g5fm6r3w446d9rm0000gn/T//cckXVcIg.o
 .progmem.data.s_app_vars
                0x00000ff1        0x9 /var/folders/kw/xp_j5cy50g5fm6r3w446d9rm0000gn/T//cckXVcIg.o
 .progmem.data.s_api_timedout
                0x00000ffa        0xd /var/folders/kw/xp_j5cy50g5fm6r3w446d9rm0000gn/T//cckXVcIg.o
 .progmem.data.s_api_sendTo_reply
                0x00001007       0x11 /var/folders/kw/xp_j5cy50g5fm6r3w446d9rm0000gn/T//cckXVcIg.o
 .progmem.data.s_api_sendTo
                0x00001018        0xb /var/folders/kw/xp_j5cy50g5fm6r3w446d9rm0000gn/T//cckXVcIg.o
 .progmem.data.s_api_requestService_reply
                0x00001023       0x19 /var/folders/kw/xp_j5cy50g5fm6r3w446d9rm0000gn/T//cckXVcIg.o
 .progmem.data.s_api_requestService
                0x0000103c       0x13 /var/folders/kw/xp_j5cy50g5fm6r3w446d9rm0000gn/T//cckXVcIg.o
 .progmem.data.s_api_openSocket_reply
                0x0000104f       0x15 /var/folders/kw/xp_j5cy50g5fm6r3w446d9rm0000gn/T//cckXVcIg.o
 .progmem.data.s_api_openSocket
                0x00001064        0xf /var/folders/kw/xp_j5cy50g5fm6r3w446d9rm0000gn/T//cckXVcIg.o
 .progmem.data.s_api_join_reply
                0x00001073        0xf /var/folders/kw/xp_j5cy50g5fm6r3w446d9rm0000gn/T//cckXVcIg.o
 .progmem.data.s_api_join
                0x00001082        0x9 /var/folders/kw/xp_j5cy50g5fm6r3w446d9rm0000gn/T//cckXVcIg.o
 .progmem.data.s_api_get_ipv6addr_reply
                0x0000108b       0x17 /var/folders/kw/xp_j5cy50g5fm6r3w446d9rm0000gn/T//cckXVcIg.o
 .progmem.data.s_api_get_ipv6addr
                0x000010a2       0x11 /var/folders/kw/xp_j5cy50g5fm6r3w446d9rm0000gn/T//cckXVcIg.o
 .progmem.data.s_api_getServiceInfo_reply
                0x000010b3       0x19 /var/folders/kw/xp_j5cy50g5fm6r3w446d9rm0000gn/T//cckXVcIg.o
 .progmem.data.s_api_getServiceInfo
                0x000010cc       0x13 /var/folders/kw/xp_j5cy50g5fm6r3w446d9rm0000gn/T//cckXVcIg.o
 .progmem.data.s_api_getMoteStatus_reply
                0x000010df       0x18 /var/folders/kw/xp_j5cy50g5fm6r3w446d9rm0000gn/T//cckXVcIg.o
 .progmem.data.s_api_getMoteStatus
                0x000010f7       0x12 /var/folders/kw/xp_j5cy50g5fm6r3w446d9rm0000gn/T//cckXVcIg.o
 .progmem.data.s_api_closeSocket_reply
                0x00001109       0x16 /var/folders/kw/xp_j5cy50g5fm6r3w446d9rm0000gn/T//cckXVcIg.o
 .progmem.data.s_api_closeSocket
                0x0000111f       0x10 /var/folders/kw/xp_j5cy50g5fm6r3w446d9rm0000gn/T//cckXVcIg.o
 .progmem.data.s_api_bindSocket_reply
                0x0000112f       0x15 /var/folders/kw/xp_j5cy50g5fm6r3w446d9rm0000gn/T//cckXVcIg.o
 .progmem.data.s_api_bindSocket
                0x00001144        0xf /var/folders/kw/xp_j5cy50g5fm6r3w446d9rm0000gn/T//cckXVcIg.o
 .progmem.data.s__tf
                0x00001153        0x4 /var/folders/kw/xp_j5cy50g5fm6r3w446d9rm0000gn/T//cckXVcIg.o
 .progmem.data.s__r
                0x00001157        0x3 /var/folders/kw/xp_j5cy50g5fm6r3w446d9rm0000gn/T//cckXVcIg.o
 .progmem.data.s__p
                0x0000115a        0x3 /var/folders/kw/xp_j5cy50g5fm6r3w446d9rm0000gn/T//cckXVcIg.o
 .progmem.data.s__lpt
                0x0000115d        0x5 /var/folders/kw/xp_j5cy50g5fm6r3w446d9rm0000gn/T//cckXVcIg.o
 .progmem.data.s__lcc
                0x00001162        0x5 /var/folders/kw/xp_j5cy50g5fm6r3w446d9rm0000gn/T//cckXVcIg.o
 .progmem.data.s__div
                0x00001167        0x5 /var/folders/kw/xp_j5cy50g5fm6r3w446d9rm0000gn/T//cckXVcIg.o
 .progmem.data.s__call
                0x0000116c        0x6 /var/folders/kw/xp_j5cy50g5fm6r3w446d9rm0000gn/T//cckXVcIg.o
 .progmem.data.s___umulhisi3
                0x00001172        0xc /var/folders/kw/xp_j5cy50g5fm6r3w446d9rm0000gn/T//cckXVcIg.o
 .progmem.data.s___ultoa_invert
                0x0000117e        0xf /var/folders/kw/xp_j5cy50g5fm6r3w446d9rm0000gn/T//cckXVcIg.o
 .progmem.data.s___udivmodsi4
                0x0000118d        0xd /var/folders/kw/xp_j5cy50g5fm6r3w446d9rm0000gn/T//cckXVcIg.o
 .progmem.data.s___udivmodqi4
                0x0000119a        0xd /var/folders/kw/xp_j5cy50g5fm6r3w446d9rm0000gn/T//cckXVcIg.o
 .progmem.data.s___udivmodhi4
                0x000011a7        0xd /var/folders/kw/xp_j5cy50g5fm6r3w446d9rm0000gn/T//cckXVcIg.o
 .progmem.data.s___negsi2
                0x000011b4        0x9 /var/folders/kw/xp_j5cy50g5fm6r3w446d9rm0000gn/T//cckXVcIg.o
 .progmem.data.s___divmodsi4
                0x000011bd        0xc /var/folders/kw/xp_j5cy50g5fm6r3w446d9rm0000gn/T//cckXVcIg.o
 .progmem.data.s___divmodhi4
                0x000011c9        0xc /var/folders/kw/xp_j5cy50g5fm6r3w446d9rm0000gn/T//cckXVcIg.o
                0x000011d6                . = ALIGN (0x2)
 *fill*         0x000011d5        0x1 
 *(.jumptables)
 *(.jumptables*)
 *(.lowtext)
 *(.lowtext*)
                0x000011d6                __ctors_start = .
 *(.ctors)
                0x000011d6                __ctors_end = .
                0x000011d6                __dtors_start = .
 *(.dtors)
                0x000011d6                __dtors_end = .
 SORT(*)(.ctors)
 SORT(*)(.dtors)
 *(.init0)
 .init0         0x000011d6        0x0 /usr/local/CrossPack-AVR-20131216/lib/gcc/avr/4.8.1/../../../../avr/lib/avr51/crtm128rfa1.o
                0x000011d6                __init
 *(.init0)
 *(.init1)
 *(.init1)
 *(.init2)
 .init2         0x000011d6        0xc /usr/local/CrossPack-AVR-20131216/lib/gcc/avr/4.8.1/../../../../avr/lib/avr51/crtm128rfa1.o
 *(.init2)
 *(.init3)
 *(.init3)
 *(.init4)
 .init4         0x000011e2       0x1a /usr/local/CrossPack-AVR-20131216/lib/gcc/avr/4.8.1/avr51/libgcc.a(_copy_data.o)
                0x000011e2                __do_copy_data
 .init4         0x000011fc       0x10 /usr/local/CrossPack-AVR-20131216/lib/gcc/avr/4.8.1/avr51/libgcc.a(_clear_bss.o)
                0x000011fc                __do_clear_bss
 *(.init4)
 *(.init5)
 *(.init5)
 *(.init6)
 *(.init6)
 *(.init7)
 *(.init7)
 *(.init8)
 *(.init8)
 *(.init9)
 .init9         0x0000120c        0x6 /usr/local/CrossPack-AVR-20131216/lib/gcc/avr/4.8.1/../../../../avr/lib/avr51/crtm128rfa1.o
 *(.init9)
 *(.text)
 .text          0x00001212        0x4 /usr/local/CrossPack-AVR-20131216/lib/gcc/avr/4.8.1/../../../../avr/lib/avr51/crtm128rfa1.o
                0x00001212                __vector_65
                0x00001212                __vector_22
                0x00001212                __vector_28
                0x00001212                __vector_67
                0x00001212                __vector_1
                0x00001212                __vector_71
                0x00001212                __vector_34
                0x00001212                __vector_24
                0x00001212                __vector_12
                0x00001212                __vector_55
                0x00001212                __vector_69
                0x00001212                __vector_46
                0x00001212                __bad_interrupt
                0x00001212                __vector_6
                0x00001212                __vector_31
                0x00001212                __vector_35
                0x00001212                __vector_39
                0x00001212                __vector_3
                0x00001212                __vector_23
                0x00001212                __vector_68
                0x00001212                __vector_30
                0x00001212                __vector_45
                0x00001212                __vector_11
                0x00001212                __vector_54
                0x00001212                __vector_17
                0x00001212                __vector_19
                0x00001212                __vector_56
                0x00001212                __vector_7
                0x00001212                __vector_49
                0x00001212                __vector_41
                0x00001212                __vector_43
                0x00001212                __vector_27
                0x00001212                __vector_5
                0x00001212                __vector_33
                0x00001212                __vector_47
                0x00001212                __vector_52
                0x00001212                __vector_37
                0x00001212                __vector_4
                0x00001212                __vector_44
                0x00001212                __vector_51
                0x00001212                __vector_9
                0x00001212                __vector_2
                0x00001212                __vector_15
                0x00001212                __vector_66
                0x00001212                __vector_70
                0x00001212                __vector_29
                0x00001212                __vector_40
                0x00001212                __vector_8
                0x00001212                __vector_26
                0x00001212                __vector_48
                0x00001212                __vector_14
                0x00001212                __vector_53
                0x00001212                __vector_10
                0x00001212                __vector_50
                0x00001212                __vector_16
                0x00001212                __vector_18
                0x00001212                __vector_20
                0x00001212                __vector_42
                0x00001212                __vector_38
                0x00001216                . = ALIGN (0x2)
 *(.text.*)
 .text.avr-libc
                0x00001216        0x6 /usr/local/CrossPack-AVR-20131216/lib/gcc/avr/4.8.1/../../../../avr/lib/avr51/libc.a(exit.o)
                0x00001216                exit
 .text.process_thread_looci
                0x0000121c       0x78 loociCore.co
 .text.process_thread_temp_sample_P
                0x00001294       0x12 obj_avr-zigduino/tempSensor.o
 .text.time     0x000012a6       0x82 obj_avr-zigduino/tempSensor.o
 .text.activate
                0x00001328       0x34 obj_avr-zigduino/tempSensor.o
 .text.temp_sample_reg
                0x0000135c        0x6 obj_avr-zigduino/tempSensor.o
 .text.doImageInit
                0x00001362       0x44 obj_avr-zigduino/image-init.o
                0x00001362                doImageInit
 .text.process_thread_looci_component_store
                0x000013a6      0x2fe obj_avr-zigduino/codebaseDeploymentSM.o
 .text.lc_cstore_unload
                0x000016a4      0x10a obj_avr-zigduino/codebaseDeploymentSM.o
                0x000016a4                lc_cstore_unload
 .text.lc_printByteArray
                0x000017ae       0x66 obj_avr-zigduino/debug.o
                0x000017ae                lc_printByteArray
 .text.lc_printHexArray
                0x00001814       0xa4 obj_avr-zigduino/debug.o
                0x00001814                lc_printHexArray
 .text.looci_init
                0x000018b8       0x44 obj_avr-zigduino/looci.o
                0x000018b8                looci_init
 .text.looci_cbMan_get_first_codebase
                0x000018fc        0x8 obj_avr-zigduino/codebaseManager.o
 .text.looci_cbMan_init
                0x00001904       0x34 obj_avr-zigduino/codebaseManager.o
                0x00001904                looci_cbMan_init
 .text.looci_cbMan_get_codebase
                0x00001938       0x26 obj_avr-zigduino/codebaseManager.o
                0x00001938                looci_cbMan_get_codebase
 .text._r       0x0000195e       0x70 obj_avr-zigduino/codebaseManager.o
                0x0000195e                _r
 .text.looci_cbMan_instantiate_component
                0x000019ce       0x1e obj_avr-zigduino/codebaseManager.o
                0x000019ce                looci_cbMan_instantiate_component
 .text.looci_cbMan_deploy_component
                0x000019ec        0x4 obj_avr-zigduino/codebaseManager.o
                0x000019ec                looci_cbMan_deploy_component
 .text.looci_cbMan_undeploy_component
                0x000019f0       0x60 obj_avr-zigduino/codebaseManager.o
                0x000019f0                looci_cbMan_undeploy_component
 .text.looci_cbMan_get_cb_ids
                0x00001a50       0x3c obj_avr-zigduino/codebaseManager.o
                0x00001a50                looci_cbMan_get_cb_ids
 .text.looci_cbMan_getcodebasetype
                0x00001a8c       0x42 obj_avr-zigduino/codebaseManager.o
                0x00001a8c                looci_cbMan_getcodebasetype
 .text.looci_cbMan_getcodebaseids_by_type
                0x00001ace       0x72 obj_avr-zigduino/codebaseManager.o
                0x00001ace                looci_cbMan_getcodebaseids_by_type
 .text.printVectorMap.5371
                0x00001b40        0x2 obj_avr-zigduino/componentManager.o
 .text.filter_cmp_id.5378
                0x00001b42       0x12 obj_avr-zigduino/componentManager.o
 .text.looci_cmpMan_callProcess
                0x00001b54       0x46 obj_avr-zigduino/componentManager.o
 .text.filter_process.5451
                0x00001b9a        0xe obj_avr-zigduino/componentManager.o
 .text.filter_cmpIds_by_cb_id
                0x00001ba8       0x48 obj_avr-zigduino/componentManager.o
 .text.filter_get_cmp_ids
                0x00001bf0       0x28 obj_avr-zigduino/componentManager.o
 .text.looci_cmpMan_cp_events
                0x00001c18       0x4a obj_avr-zigduino/componentManager.o
 .text.getPropertyOfComponent.isra.0
                0x00001c62       0xcc obj_avr-zigduino/componentManager.o
 .text.printComponents
                0x00001d2e       0x10 obj_avr-zigduino/componentManager.o
                0x00001d2e                printComponents
 .text.looci_cmpMan_component_get
                0x00001d3e       0x28 obj_avr-zigduino/componentManager.o
                0x00001d3e                looci_cmpMan_component_get
 .text.looci_cmpMan_component_start
                0x00001d66       0x5e obj_avr-zigduino/componentManager.o
                0x00001d66                looci_cmpMan_component_start
 .text.looci_cmpMan_component_stop
                0x00001dc4       0x66 obj_avr-zigduino/componentManager.o
                0x00001dc4                looci_cmpMan_component_stop
 .text.looci_cmpMan_init
                0x00001e2a        0x8 obj_avr-zigduino/componentManager.o
                0x00001e2a                looci_cmpMan_init
 .text.looci_cmpMan_sendEvent
                0x00001e32       0x1a obj_avr-zigduino/componentManager.o
                0x00001e32                looci_cmpMan_sendEvent
 .text.looci_cmpMan_instantiateComponent
                0x00001e4c      0x10c obj_avr-zigduino/componentManager.o
                0x00001e4c                looci_cmpMan_instantiateComponent
 .text.looci_cmpMan_destroyComponent
                0x00001f58       0x8c obj_avr-zigduino/componentManager.o
                0x00001f58                looci_cmpMan_destroyComponent
 .text.looci_cmpMan_component_get_by_process
                0x00001fe4        0xe obj_avr-zigduino/componentManager.o
                0x00001fe4                looci_cmpMan_component_get_by_process
 .text.looci_cmpMan_getComponents
                0x00001ff2        0xe obj_avr-zigduino/componentManager.o
                0x00001ff2                looci_cmpMan_getComponents
 .text.looci_cmpMan_getProperty
                0x00002000       0x98 obj_avr-zigduino/componentManager.o
                0x00002000                looci_cmpMan_getProperty
 .text.looci_cmpMan_setProperty
                0x00002098       0xac obj_avr-zigduino/componentManager.o
                0x00002098                looci_cmpMan_setProperty
 .text.looci_cmpMan_getProperties
                0x00002144       0xba obj_avr-zigduino/componentManager.o
                0x00002144                looci_cmpMan_getProperties
 .text.looci_cmpMan_getPropertyInfo
                0x000021fe       0x98 obj_avr-zigduino/componentManager.o
                0x000021fe                looci_cmpMan_getPropertyInfo
 .text.looci_cmpMan_getInterfaces
                0x00002296       0x36 obj_avr-zigduino/componentManager.o
                0x00002296                looci_cmpMan_getInterfaces
 .text.looci_cmpMan_getReceptacles
                0x000022cc       0x36 obj_avr-zigduino/componentManager.o
                0x000022cc                looci_cmpMan_getReceptacles
 .text.looci_cmpMan_getcompids_by_cb_id
                0x00002302       0x30 obj_avr-zigduino/componentManager.o
                0x00002302                looci_cmpMan_getcompids_by_cb_id
 .text.looci_cmpMan_destroyAllComponents
                0x00002332       0x58 obj_avr-zigduino/componentManager.o
                0x00002332                looci_cmpMan_destroyAllComponents
 .text.looci_cmpMan_get_cb_id_of_comp_id
                0x0000238a       0x28 obj_avr-zigduino/componentManager.o
                0x0000238a                looci_cmpMan_get_cb_id_of_comp_id
 .text.looci_cmpMan_get_comp_type
                0x000023b2       0x40 obj_avr-zigduino/componentManager.o
                0x000023b2                looci_cmpMan_get_comp_type
 .text.looci_cmpMan_get_comp_ids
                0x000023f2       0x18 obj_avr-zigduino/componentManager.o
                0x000023f2                looci_cmpMan_get_comp_ids
 .text.looci_cmpMan_getstate
                0x0000240a       0x20 obj_avr-zigduino/componentManager.o
                0x0000240a                looci_cmpMan_getstate
 .text.looci_cmpMan_hasReceptacle
                0x0000242a       0x62 obj_avr-zigduino/componentManager.o
                0x0000242a                looci_cmpMan_hasReceptacle
 .text.looci_cmpMan_hasInterface
                0x0000248c       0x62 obj_avr-zigduino/componentManager.o
                0x0000248c                looci_cmpMan_hasInterface
 .text.lcLL     0x000024ee       0x20 obj_avr-zigduino/componentManager.o
                0x000024ee                lcLL
 .text._call    0x0000250e       0xba obj_avr-zigduino/componentManager.o
                0x0000250e                _call
 .text._lcc     0x000025c8       0x2e obj_avr-zigduino/componentManager.o
                0x000025c8                _lcc
 .text.rng      0x000025f6       0x16 obj_avr-zigduino/comp_services.o
                0x000025f6                rng
 .text.ev_get_header_index
                0x0000260c       0x32 obj_avr-zigduino/event.o
                0x0000260c                ev_get_header_index
 .text.ev_has_header
                0x0000263e       0x10 obj_avr-zigduino/event.o
                0x0000263e                ev_has_header
 .text.ev_add_header
                0x0000264e       0x68 obj_avr-zigduino/event.o
                0x0000264e                ev_add_header
 .text.ev_get_totalHeaderSize
                0x000026b6        0x8 obj_avr-zigduino/event.o
                0x000026b6                ev_get_totalHeaderSize
 .text.ev_getHeaderByte
                0x000026be       0x42 obj_avr-zigduino/event.o
                0x000026be                ev_getHeaderByte
 .text.ev_getHeaderBit
                0x00002700       0x3a obj_avr-zigduino/event.o
                0x00002700                ev_getHeaderBit
 .text.ev_fill_event_from_byte_array
                0x0000273a       0x80 obj_avr-zigduino/event.o
                0x0000273a                ev_fill_event_from_byte_array
 .text.ev_fill_byte_array_from_event
                0x000027ba       0x64 obj_avr-zigduino/event.o
                0x000027ba                ev_fill_byte_array_from_event
 .text.evpCM    0x0000281e       0x14 obj_avr-zigduino/event.o
                0x0000281e                evpCM
 .text.evpNM    0x00002832       0x14 obj_avr-zigduino/event.o
                0x00002832                evpNM
 .text.evpTM    0x00002846       0x1c obj_avr-zigduino/event.o
                0x00002846                evpTM
 .text.uwLc.5473
                0x00002862       0x1e obj_avr-zigduino/eventBus.o
 .text.uwTo.5477
                0x00002880       0x12 obj_avr-zigduino/eventBus.o
 .text.uwFrom.5481
                0x00002892       0x12 obj_avr-zigduino/eventBus.o
 .text.filter_get_local_wire.5488
                0x000028a4       0x74 obj_avr-zigduino/eventBus.o
 .text.filter_get_out_wire.5495
                0x00002918       0x74 obj_avr-zigduino/eventBus.o
 .text.filter_get_inc_wire.5502
                0x0000298c       0x6e obj_avr-zigduino/eventBus.o
 .text.postEventToNetwork
                0x000029fa       0x1a obj_avr-zigduino/eventBus.o
 .text.postEventToInstance
                0x00002a14       0x76 obj_avr-zigduino/eventBus.o
 .text.process_thread_looci_event_manager
                0x00002a8a       0xd8 obj_avr-zigduino/eventBus.o
 .text.dispatch_local
                0x00002b62       0x42 obj_avr-zigduino/eventBus.o
 .text.dispatch_remote_to
                0x00002ba4       0x40 obj_avr-zigduino/eventBus.o
 .text.dispatch_remote_from
                0x00002be4       0x4c obj_avr-zigduino/eventBus.o
 .text.lc_em_getCurrentEvent
                0x00002c30        0xa obj_avr-zigduino/eventBus.o
                0x00002c30                lc_em_getCurrentEvent
 .text._p       0x00002c3a       0xb6 obj_avr-zigduino/eventBus.o
                0x00002c3a                _p
 .text.lcpEvPub
                0x00002cf0        0x4 obj_avr-zigduino/eventBus.o
                0x00002cf0                lcpEvPub
 .text.looci_event_handle_remote_event
                0x00002cf4       0x72 obj_avr-zigduino/eventBus.o
                0x00002cf4                looci_event_handle_remote_event
 .text.events_add_local_subscription
                0x00002d66       0x68 obj_avr-zigduino/eventBus.o
                0x00002d66                events_add_local_subscription
 .text.events_add_remote_subscription_to
                0x00002dce       0x4c obj_avr-zigduino/eventBus.o
                0x00002dce                events_add_remote_subscription_to
 .text.events_add_remote_subscription_from
                0x00002e1a       0x42 obj_avr-zigduino/eventBus.o
                0x00002e1a                events_add_remote_subscription_from
 .text.events_remove_local_subscription
                0x00002e5c       0x16 obj_avr-zigduino/eventBus.o
                0x00002e5c                events_remove_local_subscription
 .text.events_remove_remote_subscription_to
                0x00002e72       0x16 obj_avr-zigduino/eventBus.o
                0x00002e72                events_remove_remote_subscription_to
 .text.events_remove_remote_subscription_from
                0x00002e88       0x16 obj_avr-zigduino/eventBus.o
                0x00002e88                events_remove_remote_subscription_from
 .text.events_unwire_component
                0x00002e9e       0x46 obj_avr-zigduino/eventBus.o
                0x00002e9e                events_unwire_component
 .text.events_getlocalwires
                0x00002ee4       0x18 obj_avr-zigduino/eventBus.o
                0x00002ee4                events_getlocalwires
 .text.events_getremotewires_to
                0x00002efc       0x18 obj_avr-zigduino/eventBus.o
                0x00002efc                events_getremotewires_to
 .text.events_getremotewires_from
                0x00002f14       0x18 obj_avr-zigduino/eventBus.o
                0x00002f14                events_getremotewires_from
 .text.interceptFromComponent
                0x00002f2c       0x76 obj_avr-zigduino/triggermodule.o
 .text.interceptFromNetwork
                0x00002fa2       0x20 obj_avr-zigduino/triggermodule.o
 .text.lc_init_triggermodule
                0x00002fc2        0xc obj_avr-zigduino/triggermodule.o
                0x00002fc2                lc_init_triggermodule
 .text.lc_int_init
                0x00002fce        0x8 obj_avr-zigduino/interceptor.o
                0x00002fce                lc_int_init
 .text.lc_intercept
                0x00002fd6       0x46 obj_avr-zigduino/interceptor.o
                0x00002fd6                lc_intercept
 .text.lc_int_addModule
                0x0000301c       0x46 obj_avr-zigduino/interceptor.o
                0x0000301c                lc_int_addModule
 .text.vector_match_filter_func
                0x00003062       0x26 obj_avr-zigduino/vector.o
 .text.vector_init
                0x00003088       0x38 obj_avr-zigduino/vector.o
                0x00003088                vector_init
 .text.vector_len
                0x000030c0        0x6 obj_avr-zigduino/vector.o
                0x000030c0                vector_len
 .text.vector_createElement
                0x000030c6       0x92 obj_avr-zigduino/vector.o
                0x000030c6                vector_createElement
 .text.vector_add
                0x00003158       0x34 obj_avr-zigduino/vector.o
                0x00003158                vector_add
 .text.vector_get
                0x0000318c       0x36 obj_avr-zigduino/vector.o
                0x0000318c                vector_get
 .text.vector_remove
                0x000031c2      0x120 obj_avr-zigduino/vector.o
                0x000031c2                vector_remove
 .text.vector_nextEl
                0x000032e2       0x5c obj_avr-zigduino/vector.o
                0x000032e2                vector_nextEl
 .text.vector_filter
                0x0000333e       0x48 obj_avr-zigduino/vector.o
                0x0000333e                vector_filter
 .text.vector_map
                0x00003386       0x3a obj_avr-zigduino/vector.o
                0x00003386                vector_map
 .text.vector_rm_filter
                0x000033c0       0x64 obj_avr-zigduino/vector.o
                0x000033c0                vector_rm_filter
 .text.vector_remove_el
                0x00003424       0x2c obj_avr-zigduino/vector.o
                0x00003424                vector_remove_el
 .text.vector_get_el
                0x00003450       0x2a obj_avr-zigduino/vector.o
                0x00003450                vector_get_el
 .text.mmem_alloc
                0x0000347a       0x5e obj_avr-zigduino/mmem.o
                0x0000347a                mmem_alloc
 .text.mmem_free
                0x000034d8       0x76 obj_avr-zigduino/mmem.o
                0x000034d8                mmem_free
 .text.mmem_init
                0x0000354e       0x16 obj_avr-zigduino/mmem.o
                0x0000354e                mmem_init
 .text.htonsa   0x00003564       0x1c obj_avr-zigduino/utils.o
                0x00003564                htonsa
 .text.memcpy_F
                0x00003580       0x20 obj_avr-zigduino/utils.o
                0x00003580                memcpy_F
 .text.strLen_F
                0x000035a0       0x28 obj_avr-zigduino/utils.o
                0x000035a0                strLen_F
 .text.shortLen_F
                0x000035c8       0x26 obj_avr-zigduino/utils.o
                0x000035c8                shortLen_F
 .text.shortcmp_F
                0x000035ee       0x32 obj_avr-zigduino/utils.o
                0x000035ee                shortcmp_F
 .text.strcpy_F
                0x00003620       0x54 obj_avr-zigduino/utils.o
                0x00003620                strcpy_F
 .text.strcmp_F
                0x00003674       0x38 obj_avr-zigduino/utils.o
                0x00003674                strcmp_F
 .text.getFP    0x000036ac       0x2c obj_avr-zigduino/utils.o
                0x000036ac                getFP
 .text._lpt     0x000036d8       0x6a obj_avr-zigduino/utils.o
                0x000036d8                _lpt
 .text.xEnc     0x00003742       0x7a obj_avr-zigduino/hexCoding.o
                0x00003742                xEnc
 .text._tf      0x000037bc       0x42 obj_avr-zigduino/timer_utils.o
                0x000037bc                _tf
 .text.smreceive
                0x000037fe       0x68 obj_avr-zigduino/networking.o
                0x000037fe                smreceive
 .text.process_thread_looci_networking_framework
                0x00003866       0x56 obj_avr-zigduino/networking.o
 .text.looci_nf_send_event
                0x000038bc       0x72 obj_avr-zigduino/networking.o
                0x000038bc                looci_nf_send_event
 .text.peer_init
                0x0000392e       0x62 obj_avr-zigduino/peers.o
                0x0000392e                peer_init
 .text.peer_add
                0x00003990       0x48 obj_avr-zigduino/peers.o
                0x00003990                peer_add
 .text.peer_get_addr
                0x000039d8       0x40 obj_avr-zigduino/peers.o
                0x000039d8                peer_get_addr
 .text.peer_get_id
                0x00003a18       0x54 obj_avr-zigduino/peers.o
                0x00003a18                peer_get_id
 .text.peer_get_id_or_add
                0x00003a6c       0x16 obj_avr-zigduino/peers.o
                0x00003a6c                peer_get_id_or_add
 .text.readdata
                0x00003a82       0x16 obj_avr-zigduino/smartmesh.o
                0x00003a82                readdata
 .text.replyCbmt
                0x00003a98        0xc obj_avr-zigduino/smartmesh.o
                0x00003a98                replyCbmt
 .text.api_closeSocket_reply
                0x00003aa4        0xe obj_avr-zigduino/smartmesh.o
                0x00003aa4                api_closeSocket_reply
 .text.api_join_reply
                0x00003ab2        0x8 obj_avr-zigduino/smartmesh.o
                0x00003ab2                api_join_reply
 .text.api_requestService_reply
                0x00003aba       0x16 obj_avr-zigduino/smartmesh.o
                0x00003aba                api_requestService_reply
 .text.api_openSocket_reply
                0x00003ad0       0x2a obj_avr-zigduino/smartmesh.o
                0x00003ad0                api_openSocket_reply
 .text.api_bindSocket_reply
                0x00003afa       0x16 obj_avr-zigduino/smartmesh.o
                0x00003afa                api_bindSocket_reply
 .text.api_get_ipv6addr_reply
                0x00003b10       0x1c obj_avr-zigduino/smartmesh.o
                0x00003b10                api_get_ipv6addr_reply
 .text.api_sendTo_reply
                0x00003b2c       0x1e obj_avr-zigduino/smartmesh.o
                0x00003b2c                api_sendTo_reply
 .text.notifCbmt
                0x00003b4a       0xc2 obj_avr-zigduino/smartmesh.o
                0x00003b4a                notifCbmt
 .text.api_getMoteStatus_reply
                0x00003c0c       0x4c obj_avr-zigduino/smartmesh.o
                0x00003c0c                api_getMoteStatus_reply
 .text.api_getServiceInfo_reply
                0x00003c58       0x50 obj_avr-zigduino/smartmesh.o
                0x00003c58                api_getServiceInfo_reply
 .text.error_check
                0x00003ca8        0xe obj_avr-zigduino/smartmesh.o
                0x00003ca8                error_check
 .text.dn_uart_init
                0x00003cb6       0x1c obj_avr-zigduino/smartmesh.o
                0x00003cb6                dn_uart_init
 .text.dn_uart_txByte
                0x00003cd2        0x8 obj_avr-zigduino/smartmesh.o
                0x00003cd2                dn_uart_txByte
 .text.api_getMoteStatus
                0x00003cda       0x2a obj_avr-zigduino/smartmesh.o
                0x00003cda                api_getMoteStatus
 .text.api_timedout
                0x00003d04        0x6 obj_avr-zigduino/smartmesh.o
                0x00003d04                api_timedout
 .text.moteinit
                0x00003d0a       0x66 obj_avr-zigduino/smartmesh.o
                0x00003d0a                moteinit
 .text.api_join
                0x00003d70       0x2a obj_avr-zigduino/smartmesh.o
                0x00003d70                api_join
 .text.api_getServiceInfo
                0x00003d9a       0x30 obj_avr-zigduino/smartmesh.o
                0x00003d9a                api_getServiceInfo
 .text.api_requestService
                0x00003dca       0x4a obj_avr-zigduino/smartmesh.o
                0x00003dca                api_requestService
 .text.api_openSocket
                0x00003e14       0x2c obj_avr-zigduino/smartmesh.o
                0x00003e14                api_openSocket
 .text.api_bindSocket
                0x00003e40       0x36 obj_avr-zigduino/smartmesh.o
                0x00003e40                api_bindSocket
 .text.api_sendTo
                0x00003e76       0x80 obj_avr-zigduino/smartmesh.o
                0x00003e76                api_sendTo
 .text.api_get_ipv6addr
                0x00003ef6       0x16 obj_avr-zigduino/smartmesh.o
                0x00003ef6                api_get_ipv6addr
 .text.api_closeSocket
                0x00003f0c       0x1a obj_avr-zigduino/smartmesh.o
                0x00003f0c                api_closeSocket
 .text.process_thread_looci_smartmeship
                0x00003f26       0xda obj_avr-zigduino/smartmesh.o
 .text.lc_rc_func
                0x00004000       0x34 obj_avr-zigduino/runtime_control_local.o
                0x00004000                lc_rc_func
 .text.lc_is_func
                0x00004034       0x34 obj_avr-zigduino/introspection_local.o
                0x00004034                lc_is_func
 .text.cmd_install
                0x00004068        0x8 obj_avr-zigduino/reconfigurationEngine.o
 .text.cmd_remove
                0x00004070       0x36 obj_avr-zigduino/reconfigurationEngine.o
 .text.cmd_instantiate
                0x000040a6       0x3c obj_avr-zigduino/reconfigurationEngine.o
 .text.cmd_destroy
                0x000040e2       0x36 obj_avr-zigduino/reconfigurationEngine.o
 .text.cmd_start
                0x00004118       0x36 obj_avr-zigduino/reconfigurationEngine.o
 .text.cmd_stop
                0x0000414e       0x36 obj_avr-zigduino/reconfigurationEngine.o
 .text.cmd_wire_local
                0x00004184       0x48 obj_avr-zigduino/reconfigurationEngine.o
 .text.cmd_reset_wirings
                0x000041cc       0x36 obj_avr-zigduino/reconfigurationEngine.o
 .text.cmd_unwire_local
                0x00004202       0x48 obj_avr-zigduino/reconfigurationEngine.o
 .text.cmd_get_codebases_all
                0x0000424a       0x42 obj_avr-zigduino/reconfigurationEngine.o
 .text.cmd_get_codebase_type
                0x0000428c       0x48 obj_avr-zigduino/reconfigurationEngine.o
 .text.cmd_get_components_by_cb_id
                0x000042d4       0x48 obj_avr-zigduino/reconfigurationEngine.o
 .text.cmd_get_cb_id_of_cmp_id
                0x0000431c       0x3c obj_avr-zigduino/reconfigurationEngine.o
 .text.cmd_get_component_type
                0x00004358       0x48 obj_avr-zigduino/reconfigurationEngine.o
 .text.cmd_get_components_all
                0x000043a0       0x42 obj_avr-zigduino/reconfigurationEngine.o
 .text.cmd_get_state
                0x000043e2       0x3c obj_avr-zigduino/reconfigurationEngine.o
 .text.cmd_get_property
                0x0000441e       0x60 obj_avr-zigduino/reconfigurationEngine.o
 .text.cmd_get_propertyInfo
                0x0000447e       0x5a obj_avr-zigduino/reconfigurationEngine.o
 .text.cmd_get_platform_type
                0x000044d8        0xe obj_avr-zigduino/reconfigurationEngine.o
 .text.process_thread_reconfig_P
                0x000044e6       0x12 obj_avr-zigduino/reconfigurationEngine.o
 .text.cmd_get_codebase_by_type
                0x000044f8       0x62 obj_avr-zigduino/reconfigurationEngine.o
 .text.cmd_set_property
                0x0000455a       0x74 obj_avr-zigduino/reconfigurationEngine.o
 .text.cmd_get_rem_from_wire
                0x000045ce      0x10c obj_avr-zigduino/reconfigurationEngine.o
 .text.cmd_get_rem_to_wire
                0x000046da      0x10c obj_avr-zigduino/reconfigurationEngine.o
 .text.cmd_get_local_wire
                0x000047e6       0xc8 obj_avr-zigduino/reconfigurationEngine.o
 .text.cmd_get_interfaces
                0x000048ae       0x56 obj_avr-zigduino/reconfigurationEngine.o
 .text.cmd_get_receptacles
                0x00004904       0x56 obj_avr-zigduino/reconfigurationEngine.o
 .text.cmd_get_properties
                0x0000495a       0x5e obj_avr-zigduino/reconfigurationEngine.o
 .text.cmd_unwire_remote_from
                0x000049b8       0x54 obj_avr-zigduino/reconfigurationEngine.o
 .text.cmd_unwire_remote_to
                0x00004a0c       0x4a obj_avr-zigduino/reconfigurationEngine.o
 .text.cmd_wire_remote_from
                0x00004a56       0x56 obj_avr-zigduino/reconfigurationEngine.o
 .text.cmd_wire_remote_to
                0x00004aac       0x4c obj_avr-zigduino/reconfigurationEngine.o
 .text.doCommand
                0x00004af8       0xb0 obj_avr-zigduino/reconfigurationEngine.o
 .text.on_event
                0x00004ba8       0xa6 obj_avr-zigduino/reconfigurationEngine.o
 .text.reconfig_reg
                0x00004c4e        0x8 obj_avr-zigduino/reconfigurationEngine.o
 .text.lc_man_init_reconfigEngine
                0x00004c56       0x12 obj_avr-zigduino/reconfigurationEngine.o
                0x00004c56                lc_man_init_reconfigEngine
 .text.call_process.part.0
                0x00004c68       0x48 contiki-avr-zigduino.a(process.o)
 .text.call_process
                0x00004cb0        0xa contiki-avr-zigduino.a(process.o)
 .text.exit_process
                0x00004cba       0xca contiki-avr-zigduino.a(process.o)
 .text.do_poll  0x00004d84       0x3c contiki-avr-zigduino.a(process.o)
 .text.process_alloc_event
                0x00004dc0        0xe contiki-avr-zigduino.a(process.o)
                0x00004dc0                process_alloc_event
 .text.process_exit
                0x00004dce        0xa contiki-avr-zigduino.a(process.o)
                0x00004dce                process_exit
 .text.process_init
                0x00004dd8       0x20 contiki-avr-zigduino.a(process.o)
                0x00004dd8                process_init
 .text.process_run
                0x00004df8       0xbe contiki-avr-zigduino.a(process.o)
                0x00004df8                process_run
 .text.process_post
                0x00004eb6       0x3c contiki-avr-zigduino.a(process.o)
                0x00004eb6                process_post
 .text.process_post_synch
                0x00004ef2       0x1c contiki-avr-zigduino.a(process.o)
                0x00004ef2                process_post_synch
 .text.process_start
                0x00004f0e       0x40 contiki-avr-zigduino.a(process.o)
                0x00004f0e                process_start
 .text.process_poll
                0x00004f4e       0x18 contiki-avr-zigduino.a(process.o)
                0x00004f4e                process_poll
 .text.seek_read
                0x00004f66       0x2e contiki-avr-zigduino.a(elfloader.o)
 .text.unlikely.find_local_symbol
                0x00004f94       0xd2 contiki-avr-zigduino.a(elfloader.o)
 .text.unlikely.relocate_section.isra.0
                0x00005066      0x246 contiki-avr-zigduino.a(elfloader.o)
 .text.elfloader_load
                0x000052ac      0xb20 contiki-avr-zigduino.a(elfloader.o)
                0x000052ac                elfloader_load
 .text.elfloader_unload
                0x00005dcc       0x16 contiki-avr-zigduino.a(elfloader.o)
                0x00005dcc                elfloader_unload
 .text.memb_init
                0x00005de2       0x3e contiki-avr-zigduino.a(memb.o)
                0x00005de2                memb_init
 .text.memb_alloc
                0x00005e20       0x4a contiki-avr-zigduino.a(memb.o)
                0x00005e20                memb_alloc
 .text.memb_free
                0x00005e6a       0x4a contiki-avr-zigduino.a(memb.o)
                0x00005e6a                memb_free
 .text.memb_inmemb
                0x00005eb4       0x3a contiki-avr-zigduino.a(memb.o)
                0x00005eb4                memb_inmemb
 .text.list_init
                0x00005eee        0x8 contiki-avr-zigduino.a(list.o)
                0x00005eee                list_init
 .text.list_head
                0x00005ef6        0x8 contiki-avr-zigduino.a(list.o)
                0x00005ef6                list_head
 .text.list_tail
                0x00005efe       0x20 contiki-avr-zigduino.a(list.o)
                0x00005efe                list_tail
 .text.list_remove
                0x00005f1e       0x36 contiki-avr-zigduino.a(list.o)
                0x00005f1e                list_remove
 .text.list_add
                0x00005f54       0x2e contiki-avr-zigduino.a(list.o)
                0x00005f54                list_add
 .text.list_push
                0x00005f82       0x26 contiki-avr-zigduino.a(list.o)
                0x00005f82                list_push
 .text.list_length
                0x00005fa8       0x1a contiki-avr-zigduino.a(list.o)
                0x00005fa8                list_length
 .text.list_insert
                0x00005fc2       0x1a contiki-avr-zigduino.a(list.o)
                0x00005fc2                list_insert
 .text.list_item_next
                0x00005fdc       0x12 contiki-avr-zigduino.a(list.o)
                0x00005fdc                list_item_next
 .text.update_time
                0x00005fee       0x64 contiki-avr-zigduino.a(etimer.o)
 .text.etimer_request_poll
                0x00006052        0x8 contiki-avr-zigduino.a(etimer.o)
                0x00006052                etimer_request_poll
 .text.process_thread_etimer_process
                0x0000605a       0xfe contiki-avr-zigduino.a(etimer.o)
 .text.add_timer
                0x00006158       0x5c contiki-avr-zigduino.a(etimer.o)
 .text.etimer_set
                0x000061b4       0x14 contiki-avr-zigduino.a(etimer.o)
                0x000061b4                etimer_set
 .text.etimer_reset
                0x000061c8       0x14 contiki-avr-zigduino.a(etimer.o)
                0x000061c8                etimer_reset
 .text.etimer_restart
                0x000061dc       0x14 contiki-avr-zigduino.a(etimer.o)
                0x000061dc                etimer_restart
 .text.etimer_adjust
                0x000061f0       0x10 contiki-avr-zigduino.a(etimer.o)
                0x000061f0                etimer_adjust
 .text.etimer_expired
                0x00006200       0x16 contiki-avr-zigduino.a(etimer.o)
                0x00006200                etimer_expired
 .text.etimer_pending
                0x00006216       0x16 contiki-avr-zigduino.a(etimer.o)
                0x00006216                etimer_pending
 .text.etimer_stop
                0x0000622c       0x4c contiki-avr-zigduino.a(etimer.o)
                0x0000622c                etimer_stop
 .text.process_thread_ctimer_process
                0x00006278       0xbc contiki-avr-zigduino.a(ctimer.o)
 .text.ctimer_init
                0x00006334       0x16 contiki-avr-zigduino.a(ctimer.o)
                0x00006334                ctimer_init
 .text.ctimer_set
                0x0000634a       0x60 contiki-avr-zigduino.a(ctimer.o)
                0x0000634a                ctimer_set
 .text.ctimer_reset
                0x000063aa       0x4e contiki-avr-zigduino.a(ctimer.o)
                0x000063aa                ctimer_reset
 .text.ctimer_stop
                0x000063f8       0x2c contiki-avr-zigduino.a(ctimer.o)
                0x000063f8                ctimer_stop
 .text.random_init
                0x00006424        0x6 contiki-avr-zigduino.a(random.o)
                0x00006424                random_init
 .text.random_rand
                0x0000642a        0x6 contiki-avr-zigduino.a(random.o)
                0x0000642a                random_rand
 .text.dn_ipmt_rxSerialRequest
                0x00006430      0x1ca contiki-avr-zigduino.a(dn_ipmt.o)
                0x00006430                dn_ipmt_rxSerialRequest
 .text.dn_ipmt_join_reply
                0x000065fa       0x2c contiki-avr-zigduino.a(dn_ipmt.o)
                0x000065fa                dn_ipmt_join_reply
 .text.dn_ipmt_requestService_reply
                0x00006626       0x2c contiki-avr-zigduino.a(dn_ipmt.o)
                0x00006626                dn_ipmt_requestService_reply
 .text.dn_ipmt_openSocket_reply
                0x00006652       0x3e contiki-avr-zigduino.a(dn_ipmt.o)
                0x00006652                dn_ipmt_openSocket_reply
 .text.dn_ipmt_closeSocket_reply
                0x00006690       0x2c contiki-avr-zigduino.a(dn_ipmt.o)
                0x00006690                dn_ipmt_closeSocket_reply
 .text.dn_ipmt_bindSocket_reply
                0x000066bc       0x2c contiki-avr-zigduino.a(dn_ipmt.o)
                0x000066bc                dn_ipmt_bindSocket_reply
 .text.dn_ipmt_sendTo_reply
                0x000066e8       0x2c contiki-avr-zigduino.a(dn_ipmt.o)
                0x000066e8                dn_ipmt_sendTo_reply
 .text.dn_ipmt_getParameter_ipv6Address_reply
                0x00006714       0x54 contiki-avr-zigduino.a(dn_ipmt.o)
                0x00006714                dn_ipmt_getParameter_ipv6Address_reply
 .text.dn_ipmt_getParameter_moteStatus_reply
                0x00006768       0x86 contiki-avr-zigduino.a(dn_ipmt.o)
                0x00006768                dn_ipmt_getParameter_moteStatus_reply
 .text.dn_ipmt_getServiceInfo_reply
                0x000067ee       0x6a contiki-avr-zigduino.a(dn_ipmt.o)
                0x000067ee                dn_ipmt_getServiceInfo_reply
 .text.dn_ipmt_init
                0x00006858       0x3a contiki-avr-zigduino.a(dn_ipmt.o)
                0x00006858                dn_ipmt_init
 .text.dn_ipmt_cancelTx
                0x00006892        0x6 contiki-avr-zigduino.a(dn_ipmt.o)
                0x00006892                dn_ipmt_cancelTx
 .text.dn_ipmt_getParameter_moteStatus
                0x00006898       0x4e contiki-avr-zigduino.a(dn_ipmt.o)
                0x00006898                dn_ipmt_getParameter_moteStatus
 .text.dn_ipmt_getParameter_ipv6Address
                0x000068e6       0x4e contiki-avr-zigduino.a(dn_ipmt.o)
                0x000068e6                dn_ipmt_getParameter_ipv6Address
 .text.dn_ipmt_join
                0x00006934       0x44 contiki-avr-zigduino.a(dn_ipmt.o)
                0x00006934                dn_ipmt_join
 .text.dn_ipmt_requestService
                0x00006978       0x76 contiki-avr-zigduino.a(dn_ipmt.o)
                0x00006978                dn_ipmt_requestService
 .text.dn_ipmt_getServiceInfo
                0x000069ee       0x56 contiki-avr-zigduino.a(dn_ipmt.o)
                0x000069ee                dn_ipmt_getServiceInfo
 .text.dn_ipmt_openSocket
                0x00006a44       0x48 contiki-avr-zigduino.a(dn_ipmt.o)
                0x00006a44                dn_ipmt_openSocket
 .text.dn_ipmt_closeSocket
                0x00006a8c       0x48 contiki-avr-zigduino.a(dn_ipmt.o)
                0x00006a8c                dn_ipmt_closeSocket
 .text.dn_ipmt_bindSocket
                0x00006ad4       0x4e contiki-avr-zigduino.a(dn_ipmt.o)
                0x00006ad4                dn_ipmt_bindSocket
 .text.dn_ipmt_sendTo
                0x00006b22       0xb0 contiki-avr-zigduino.a(dn_ipmt.o)
                0x00006b22                dn_ipmt_sendTo
 .text.dn_write_uint16_t
                0x00006bd2        0x8 contiki-avr-zigduino.a(dn_endianness.o)
                0x00006bd2                dn_write_uint16_t
 .text.dn_write_uint32_t
                0x00006bda        0xc contiki-avr-zigduino.a(dn_endianness.o)
                0x00006bda                dn_write_uint32_t
 .text.dn_read_uint16_t
                0x00006be6       0x1e contiki-avr-zigduino.a(dn_endianness.o)
                0x00006be6                dn_read_uint16_t
 .text.dn_read_uint32_t
                0x00006c04       0x6a contiki-avr-zigduino.a(dn_endianness.o)
                0x00006c04                dn_read_uint32_t
 .text.__vector_25
                0x00006c6e       0x5e contiki-avr-zigduino.a(rs232.o)
                0x00006c6e                __vector_25
 .text.__vector_36
                0x00006ccc       0x5e contiki-avr-zigduino.a(rs232.o)
                0x00006ccc                __vector_36
 .text.rs232_init
                0x00006d2a       0x40 contiki-avr-zigduino.a(rs232.o)
                0x00006d2a                rs232_init
 .text.rs232_send
                0x00006d6a       0x24 contiki-avr-zigduino.a(rs232.o)
                0x00006d6a                rs232_send
 .text.rs232_stdout_putchar
                0x00006d8e       0x26 contiki-avr-zigduino.a(rs232.o)
                0x00006d8e                rs232_stdout_putchar
 .text.rs232_set_input
                0x00006db4       0x1c contiki-avr-zigduino.a(rs232.o)
                0x00006db4                rs232_set_input
 .text.rs232_redirect_stdout
                0x00006dd0       0x12 contiki-avr-zigduino.a(rs232.o)
                0x00006dd0                rs232_redirect_stdout
 .text.cfs_open
                0x00006de2       0x5c contiki-avr-zigduino.a(cfs-eeprom.o)
                0x00006de2                cfs_open
 .text.cfs_close
                0x00006e3e        0xa contiki-avr-zigduino.a(cfs-eeprom.o)
                0x00006e3e                cfs_close
 .text.cfs_read
                0x00006e48       0x3a contiki-avr-zigduino.a(cfs-eeprom.o)
                0x00006e48                cfs_read
 .text.cfs_write
                0x00006e82       0x3a contiki-avr-zigduino.a(cfs-eeprom.o)
                0x00006e82                cfs_write
 .text.cfs_seek
                0x00006ebc       0x1a contiki-avr-zigduino.a(cfs-eeprom.o)
                0x00006ebc                cfs_seek
 .text.cfs_remove
                0x00006ed6        0x6 contiki-avr-zigduino.a(cfs-eeprom.o)
                0x00006ed6                cfs_remove
 .text.eeprom_write
                0x00006edc        0xe contiki-avr-zigduino.a(eeprom.o)
                0x00006edc                eeprom_write
 .text.eeprom_read
                0x00006eea        0xe contiki-avr-zigduino.a(eeprom.o)
                0x00006eea                eeprom_read
 .text.process_thread_sensors_process
                0x00006ef8      0x12a contiki-avr-zigduino.a(sensors.o)
 .text.rng_get_uint8
                0x00007022       0x2a contiki-avr-zigduino.a(contiki-main.o)
                0x00007022                rng_get_uint8
 .text.initialize
                0x0000704c      0x23c contiki-avr-zigduino.a(contiki-main.o)
                0x0000704c                initialize
 .text.startup.main
                0x00007288       0x20 contiki-avr-zigduino.a(contiki-main.o)
                0x00007288                main
 .text.params_get_channel
                0x000072a8       0xf6 contiki-avr-zigduino.a(params.o)
                0x000072a8                params_get_channel
 .text.params_get_eui64
                0x0000739e       0x14 contiki-avr-zigduino.a(params.o)
                0x0000739e                params_get_eui64
 .text.params_get_panid
                0x000073b2        0x8 contiki-avr-zigduino.a(params.o)
                0x000073b2                params_get_panid
 .text.params_get_panaddr
                0x000073ba        0x8 contiki-avr-zigduino.a(params.o)
                0x000073ba                params_get_panaddr
 .text.params_get_txpower
                0x000073c2        0x8 contiki-avr-zigduino.a(params.o)
                0x000073c2                params_get_txpower
 .text.clock_init
                0x000073ca       0x20 contiki-avr-zigduino.a(clock.o)
                0x000073ca                clock_init
 .text.clock_time
                0x000073ea       0x18 contiki-avr-zigduino.a(clock.o)
                0x000073ea                clock_time
 .text.clock_seconds
                0x00007402       0x34 contiki-avr-zigduino.a(clock.o)
                0x00007402                clock_seconds
 .text.clock_delay_msec
                0x00007436       0x12 contiki-avr-zigduino.a(clock.o)
                0x00007436                clock_delay_msec
 .text.__vector_21
                0x00007448       0xa2 contiki-avr-zigduino.a(clock.o)
                0x00007448                __vector_21
 .text.watchdog_init
                0x000074ea       0x18 contiki-avr-zigduino.a(watchdog.o)
                0x000074ea                watchdog_init
 .text.watchdog_start
                0x00007502       0x18 contiki-avr-zigduino.a(watchdog.o)
                0x00007502                watchdog_start
 .text.watchdog_periodic
                0x0000751a        0x4 contiki-avr-zigduino.a(watchdog.o)
                0x0000751a                watchdog_periodic
 .text.write_ldi
                0x0000751e       0x20 contiki-avr-zigduino.a(elfloader-avr.o)
 .text.elfloader_in_memory
                0x0000753e       0x1c contiki-avr-zigduino.a(elfloader-avr.o)
                0x0000753e                elfloader_in_memory
 .text.elfloader_arch_allocate_ram
                0x0000755a       0x22 contiki-avr-zigduino.a(elfloader-avr.o)
                0x0000755a                elfloader_arch_allocate_ram
 .text.elfloader_arch_allocate_rom
                0x0000757c       0x2e contiki-avr-zigduino.a(elfloader-avr.o)
                0x0000757c                elfloader_arch_allocate_rom
 .text.elfloader_arch_relocate
                0x000075aa      0x16e contiki-avr-zigduino.a(elfloader-avr.o)
                0x000075aa                elfloader_arch_relocate
 .text.symtab_lookup
                0x00007718       0x66 contiki-avr-zigduino.a(symtab-avr.o)
                0x00007718                symtab_lookup
 .text.rf230_pending_packet
                0x0000777e        0x8 contiki-avr-zigduino.a(rf230bb.o)
 .text.radio_reset_state_machine
                0x00007786       0x30 contiki-avr-zigduino.a(rf230bb.o)
 .text.set_txpower
                0x000077b6       0x1c contiki-avr-zigduino.a(rf230bb.o)
 .text.rf230_prepare
                0x000077d2       0x20 contiki-avr-zigduino.a(rf230bb.o)
 .text.rf230_isidle
                0x000077f2       0x2a contiki-avr-zigduino.a(rf230bb.o)
 .text.rf230_waitidle
                0x0000781c       0x10 contiki-avr-zigduino.a(rf230bb.o)
 .text.rf230_receiving_packet
                0x0000782c       0x28 contiki-avr-zigduino.a(rf230bb.o)
 .text.radio_off
                0x00007854       0x24 contiki-avr-zigduino.a(rf230bb.o)
 .text.rf230_off
                0x00007878       0x12 contiki-avr-zigduino.a(rf230bb.o)
 .text.radio_get_trx_state
                0x0000788a        0xa contiki-avr-zigduino.a(rf230bb.o)
                0x0000788a                radio_get_trx_state
 .text.radio_set_trx_state
                0x00007894       0xb0 contiki-avr-zigduino.a(rf230bb.o)
 .text.radio_on
                0x00007944       0x3e contiki-avr-zigduino.a(rf230bb.o)
 .text.rf230_on
                0x00007982       0x10 contiki-avr-zigduino.a(rf230bb.o)
 .text.rf230_cca
                0x00007992       0x86 contiki-avr-zigduino.a(rf230bb.o)
 .text.rf230_warm_reset
                0x00007a18       0x38 contiki-avr-zigduino.a(rf230bb.o)
                0x00007a18                rf230_warm_reset
 .text.rf230_init
                0x00007a50       0x66 contiki-avr-zigduino.a(rf230bb.o)
                0x00007a50                rf230_init
 .text.rf230_get_channel
                0x00007ab6        0x6 contiki-avr-zigduino.a(rf230bb.o)
                0x00007ab6                rf230_get_channel
 .text.rf230_set_channel
                0x00007abc       0x2a contiki-avr-zigduino.a(rf230bb.o)
                0x00007abc                rf230_set_channel
 .text.rf230_set_pan_addr
                0x00007ae6       0x48 contiki-avr-zigduino.a(rf230bb.o)
                0x00007ae6                rf230_set_pan_addr
 .text.rf230_interrupt
                0x00007b2e       0x14 contiki-avr-zigduino.a(rf230bb.o)
                0x00007b2e                rf230_interrupt
 .text.rf230_read
                0x00007b42       0xae contiki-avr-zigduino.a(rf230bb.o)
 .text.process_thread_rf230_process
                0x00007bf0       0x66 contiki-avr-zigduino.a(rf230bb.o)
 .text.rf230_set_txpower
                0x00007c56        0x4 contiki-avr-zigduino.a(rf230bb.o)
                0x00007c56                rf230_set_txpower
 .text.rf230_get_txpower
                0x00007c5a       0x16 contiki-avr-zigduino.a(rf230bb.o)
                0x00007c5a                rf230_get_txpower
 .text.rf230_transmit
                0x00007c70       0xea contiki-avr-zigduino.a(rf230bb.o)
 .text.rf230_send
                0x00007d5a       0x16 contiki-avr-zigduino.a(rf230bb.o)
 .text.hal_init
                0x00007d70        0x2 contiki-avr-zigduino.a(halbb.o)
                0x00007d70                hal_init
 .text.hal_subregister_read
                0x00007d72       0x14 contiki-avr-zigduino.a(halbb.o)
                0x00007d72                hal_subregister_read
 .text.hal_subregister_write
                0x00007d86       0x36 contiki-avr-zigduino.a(halbb.o)
                0x00007d86                hal_subregister_write
 .text.hal_frame_read
                0x00007dbc       0x54 contiki-avr-zigduino.a(halbb.o)
                0x00007dbc                hal_frame_read
 .text.hal_frame_write
                0x00007e10       0x22 contiki-avr-zigduino.a(halbb.o)
                0x00007e10                hal_frame_write
 .text.__vector_60
                0x00007e32       0x6c contiki-avr-zigduino.a(halbb.o)
                0x00007e32                __vector_60
 .text.__vector_59
                0x00007e9e       0x14 contiki-avr-zigduino.a(halbb.o)
                0x00007e9e                __vector_59
 .text.__vector_57
                0x00007eb2       0x14 contiki-avr-zigduino.a(halbb.o)
                0x00007eb2                __vector_57
 .text.__vector_58
                0x00007ec6       0x14 contiki-avr-zigduino.a(halbb.o)
                0x00007ec6                __vector_58
 .text.__vector_64
                0x00007eda       0x18 contiki-avr-zigduino.a(halbb.o)
                0x00007eda                __vector_64
 .text.__vector_63
                0x00007ef2       0x18 contiki-avr-zigduino.a(halbb.o)
                0x00007ef2                __vector_63
 .text.__vector_62
                0x00007f0a       0x14 contiki-avr-zigduino.a(halbb.o)
                0x00007f0a                __vector_62
 .text.__vector_61
                0x00007f1e       0x18 contiki-avr-zigduino.a(halbb.o)
                0x00007f1e                __vector_61
 .text.rimeaddr_copy
                0x00007f36       0x10 contiki-avr-zigduino.a(rimeaddr.o)
                0x00007f36                rimeaddr_copy
 .text.rimeaddr_cmp
                0x00007f46       0x18 contiki-avr-zigduino.a(rimeaddr.o)
                0x00007f46                rimeaddr_cmp
 .text.rimeaddr_set_node_addr
                0x00007f5e        0x8 contiki-avr-zigduino.a(rimeaddr.o)
                0x00007f5e                rimeaddr_set_node_addr
 .text.send_packet
                0x00007f66        0xc contiki-avr-zigduino.a(nullmac.o)
 .text.packet_input
                0x00007f72        0xc contiki-avr-zigduino.a(nullmac.o)
 .text.on       0x00007f7e        0xc contiki-avr-zigduino.a(nullmac.o)
 .text.off      0x00007f8a        0xc contiki-avr-zigduino.a(nullmac.o)
 .text.channel_check_interval
                0x00007f96        0x6 contiki-avr-zigduino.a(nullmac.o)
 .text.init     0x00007f9c        0x2 contiki-avr-zigduino.a(nullmac.o)
 .text.on       0x00007f9e        0xc contiki-avr-zigduino.a(sicslowmac.o)
 .text.channel_check_interval
                0x00007faa        0x6 contiki-avr-zigduino.a(sicslowmac.o)
 .text.send_packet
                0x00007fb0       0xec contiki-avr-zigduino.a(sicslowmac.o)
 .text.send_list
                0x0000809c       0x30 contiki-avr-zigduino.a(sicslowmac.o)
                0x0000809c                send_list
 .text.input_packet
                0x000080cc       0xae contiki-avr-zigduino.a(sicslowmac.o)
 .text.init     0x0000817a       0x14 contiki-avr-zigduino.a(sicslowmac.o)
 .text.off      0x0000818e       0x1a contiki-avr-zigduino.a(sicslowmac.o)
 .text.autostart_start
                0x000081a8       0x1e contiki-avr-zigduino.a(autostart.o)
                0x000081a8                autostart_start
 .text.process_thread_serial_line_process
                0x000081c6       0xca contiki-avr-zigduino.a(serial-line.o)
 .text.serial_line_input_byte
                0x00008290       0x48 contiki-avr-zigduino.a(serial-line.o)
                0x00008290                serial_line_input_byte
 .text.timer_set
                0x000082d8       0x16 contiki-avr-zigduino.a(timer.o)
                0x000082d8                timer_set
 .text.timer_reset
                0x000082ee       0x14 contiki-avr-zigduino.a(timer.o)
                0x000082ee                timer_reset
 .text.timer_restart
                0x00008302       0x12 contiki-avr-zigduino.a(timer.o)
                0x00008302                timer_restart
 .text.timer_expired
                0x00008314       0x2e contiki-avr-zigduino.a(timer.o)
                0x00008314                timer_expired
 .text.rtimer_init
                0x00008342        0x6 contiki-avr-zigduino.a(rtimer.o)
                0x00008342                rtimer_init
 .text.rtimer_run_next
                0x00008348       0x3e contiki-avr-zigduino.a(rtimer.o)
                0x00008348                rtimer_run_next
 .text.ringbuf_put
                0x00008386       0x3e contiki-avr-zigduino.a(ringbuf.o)
                0x00008386                ringbuf_put
 .text.ringbuf_get
                0x000083c4       0x3a contiki-avr-zigduino.a(ringbuf.o)
                0x000083c4                ringbuf_get
 .text.packetbuf_copyto_hdr
                0x000083fe       0x24 contiki-avr-zigduino.a(packetbuf.o)
                0x000083fe                packetbuf_copyto_hdr
 .text.packetbuf_copyto
                0x00008422       0x6e contiki-avr-zigduino.a(packetbuf.o)
                0x00008422                packetbuf_copyto
 .text.packetbuf_hdrreduce
                0x00008490       0x3a contiki-avr-zigduino.a(packetbuf.o)
                0x00008490                packetbuf_hdrreduce
 .text.packetbuf_set_datalen
                0x000084ca        0xa contiki-avr-zigduino.a(packetbuf.o)
                0x000084ca                packetbuf_set_datalen
 .text.packetbuf_dataptr
                0x000084d4        0xe contiki-avr-zigduino.a(packetbuf.o)
                0x000084d4                packetbuf_dataptr
 .text.packetbuf_hdrptr
                0x000084e2        0xc contiki-avr-zigduino.a(packetbuf.o)
                0x000084e2                packetbuf_hdrptr
 .text.packetbuf_is_reference
                0x000084ee       0x18 contiki-avr-zigduino.a(packetbuf.o)
                0x000084ee                packetbuf_is_reference
 .text.packetbuf_reference_ptr
                0x00008506        0xa contiki-avr-zigduino.a(packetbuf.o)
                0x00008506                packetbuf_reference_ptr
 .text.packetbuf_datalen
                0x00008510        0xa contiki-avr-zigduino.a(packetbuf.o)
                0x00008510                packetbuf_datalen
 .text.packetbuf_totlen
                0x0000851a       0x16 contiki-avr-zigduino.a(packetbuf.o)
                0x0000851a                packetbuf_totlen
 .text.packetbuf_hdralloc
                0x00008530       0x3a contiki-avr-zigduino.a(packetbuf.o)
                0x00008530                packetbuf_hdralloc
 .text.packetbuf_attr_clear
                0x0000856a       0x30 contiki-avr-zigduino.a(packetbuf.o)
                0x0000856a                packetbuf_attr_clear
 .text.packetbuf_clear
                0x0000859a       0x24 contiki-avr-zigduino.a(packetbuf.o)
                0x0000859a                packetbuf_clear
 .text.packetbuf_copyfrom
                0x000085be       0x4c contiki-avr-zigduino.a(packetbuf.o)
                0x000085be                packetbuf_copyfrom
 .text.packetbuf_attr_copyto
                0x0000860a       0x22 contiki-avr-zigduino.a(packetbuf.o)
                0x0000860a                packetbuf_attr_copyto
 .text.packetbuf_attr_copyfrom
                0x0000862c       0x22 contiki-avr-zigduino.a(packetbuf.o)
                0x0000862c                packetbuf_attr_copyfrom
 .text.packetbuf_set_attr
                0x0000864e       0x16 contiki-avr-zigduino.a(packetbuf.o)
                0x0000864e                packetbuf_set_attr
 .text.packetbuf_attr
                0x00008664       0x12 contiki-avr-zigduino.a(packetbuf.o)
                0x00008664                packetbuf_attr
 .text.packetbuf_set_addr
                0x00008676       0x14 contiki-avr-zigduino.a(packetbuf.o)
                0x00008676                packetbuf_set_addr
 .text.packetbuf_addr
                0x0000868a        0xe contiki-avr-zigduino.a(packetbuf.o)
                0x0000868a                packetbuf_addr
 .text.queuebuf_init
                0x00008698       0x18 contiki-avr-zigduino.a(queuebuf.o)
                0x00008698                queuebuf_init
 .text.queuebuf_new_from_packetbuf
                0x000086b0       0x7e contiki-avr-zigduino.a(queuebuf.o)
                0x000086b0                queuebuf_new_from_packetbuf
 .text.queuebuf_free
                0x0000872e       0x46 contiki-avr-zigduino.a(queuebuf.o)
                0x0000872e                queuebuf_free
 .text.queuebuf_to_packetbuf
                0x00008774       0x74 contiki-avr-zigduino.a(queuebuf.o)
                0x00008774                queuebuf_to_packetbuf
 .text.sicslowpan_init
                0x000087e8       0x1e contiki-avr-zigduino.a(sicslowpan.o)
                0x000087e8                sicslowpan_init
 .text.set_packet_attrs
                0x00008806       0x4e contiki-avr-zigduino.a(sicslowpan.o)
 .text.compress_addr_64
                0x00008854       0xcc contiki-avr-zigduino.a(sicslowpan.o)
 .text.addr_context_lookup_by_prefix
                0x00008920       0x26 contiki-avr-zigduino.a(sicslowpan.o)
 .text.send_packet
                0x00008946       0x1c contiki-avr-zigduino.a(sicslowpan.o)
 .text.output   0x00008962      0x7d0 contiki-avr-zigduino.a(sicslowpan.o)
 .text.packet_sent
                0x00009132       0x32 contiki-avr-zigduino.a(sicslowpan.o)
 .text.uncompress_addr
                0x00009164       0xba contiki-avr-zigduino.a(sicslowpan.o)
 .text.input    0x0000921e      0x71a contiki-avr-zigduino.a(sicslowpan.o)
 .text.start_periodic_tcp_timer
                0x00009938       0x16 contiki-avr-zigduino.a(tcpip.o)
 .text.tcpip_output
                0x0000994e       0x14 contiki-avr-zigduino.a(tcpip.o)
                0x0000994e                tcpip_output
 .text.tcpip_set_outputfunc
                0x00009962        0xa contiki-avr-zigduino.a(tcpip.o)
                0x00009962                tcpip_set_outputfunc
 .text.tcpip_icmp6_call
                0x0000996c       0x30 contiki-avr-zigduino.a(tcpip.o)
                0x0000996c                tcpip_icmp6_call
 .text.tcpip_input
                0x0000999c       0x1c contiki-avr-zigduino.a(tcpip.o)
                0x0000999c                tcpip_input
 .text.tcpip_ipv6_output
                0x000099b8      0x228 contiki-avr-zigduino.a(tcpip.o)
                0x000099b8                tcpip_ipv6_output
 .text.process_thread_tcpip_process
                0x00009be0      0x234 contiki-avr-zigduino.a(tcpip.o)
 .text.tcpip_uipcall
                0x00009e14       0x84 contiki-avr-zigduino.a(tcpip.o)
                0x00009e14                tcpip_uipcall
 .text.call_route_callback
                0x00009e98       0x58 contiki-avr-zigduino.a(uip-ds6-route.o)
 .text.uip_ds6_route_init
                0x00009ef0       0x2c contiki-avr-zigduino.a(uip-ds6-route.o)
                0x00009ef0                uip_ds6_route_init
 .text.uip_ds6_route_nexthop
                0x00009f1c       0x1a contiki-avr-zigduino.a(uip-ds6-route.o)
                0x00009f1c                uip_ds6_route_nexthop
 .text.uip_ds6_route_head
                0x00009f36       0x2e contiki-avr-zigduino.a(uip-ds6-route.o)
                0x00009f36                uip_ds6_route_head
 .text.uip_ds6_route_next
                0x00009f64       0x38 contiki-avr-zigduino.a(uip-ds6-route.o)
                0x00009f64                uip_ds6_route_next
 .text.uip_ds6_route_lookup
                0x00009f9c       0x58 contiki-avr-zigduino.a(uip-ds6-route.o)
                0x00009f9c                uip_ds6_route_lookup
 .text.uip_ds6_route_rm
                0x00009ff4       0x70 contiki-avr-zigduino.a(uip-ds6-route.o)
                0x00009ff4                uip_ds6_route_rm
 .text.rm_routelist
                0x0000a064       0x32 contiki-avr-zigduino.a(uip-ds6-route.o)
 .text.rm_routelist_callback
                0x0000a096        0x4 contiki-avr-zigduino.a(uip-ds6-route.o)
 .text.uip_ds6_defrt_rm
                0x0000a09a       0x54 contiki-avr-zigduino.a(uip-ds6-route.o)
                0x0000a09a                uip_ds6_defrt_rm
 .text.uip_ds6_defrt_lookup
                0x0000a0ee       0x44 contiki-avr-zigduino.a(uip-ds6-route.o)
                0x0000a0ee                uip_ds6_defrt_lookup
 .text.uip_ds6_defrt_add
                0x0000a132       0x7c contiki-avr-zigduino.a(uip-ds6-route.o)
                0x0000a132                uip_ds6_defrt_add
 .text.uip_ds6_defrt_choose
                0x0000a1ae       0x46 contiki-avr-zigduino.a(uip-ds6-route.o)
                0x0000a1ae                uip_ds6_defrt_choose
 .text.uip_ds6_defrt_periodic
                0x0000a1f4       0x38 contiki-avr-zigduino.a(uip-ds6-route.o)
                0x0000a1f4                uip_ds6_defrt_periodic
 .text.uip_ds6_nbr_rm
                0x0000a22c       0x24 contiki-avr-zigduino.a(uip-ds6-nbr.o)
                0x0000a22c                uip_ds6_nbr_rm
 .text.uip_ds6_neighbors_init
                0x0000a250       0x10 contiki-avr-zigduino.a(uip-ds6-nbr.o)
                0x0000a250                uip_ds6_neighbors_init
 .text.uip_ds6_nbr_add
                0x0000a260       0x6e contiki-avr-zigduino.a(uip-ds6-nbr.o)
                0x0000a260                uip_ds6_nbr_add
 .text.uip_ds6_nbr_get_ll
                0x0000a2ce        0xe contiki-avr-zigduino.a(uip-ds6-nbr.o)
                0x0000a2ce                uip_ds6_nbr_get_ll
 .text.uip_ds6_nbr_lookup
                0x0000a2dc       0x56 contiki-avr-zigduino.a(uip-ds6-nbr.o)
                0x0000a2dc                uip_ds6_nbr_lookup
 .text.uip_ds6_nbr_ll_lookup
                0x0000a332        0xe contiki-avr-zigduino.a(uip-ds6-nbr.o)
                0x0000a332                uip_ds6_nbr_ll_lookup
 .text.uip_ds6_nbr_ipaddr_from_lladdr
                0x0000a340        0x4 contiki-avr-zigduino.a(uip-ds6-nbr.o)
                0x0000a340                uip_ds6_nbr_ipaddr_from_lladdr
 .text.uip_ds6_link_neighbor_callback